W0603 23:23:37.390014 139745830014976 android_world_controller.py:98] Could not get a11y tree, retrying.
W0603 23:25:09.490900 139745830014976 android_world_controller.py:98] Could not get a11y tree, retrying.
W0603 23:26:37.756934 139745830014976 android_world_controller.py:98] Could not get a11y tree, retrying.
W0603 23:28:35.680548 139745830014976 android_world_controller.py:98] Could not get a11y tree, retrying.
W0603 23:33:19.822429 139745830014976 sqlite_validators.py:168] Expected row CalendarEvent(start_ts=1698591600, end_ts=1698595200, title='Catch up on Annual Report', location='', description='We will prepare for upcoming project milestones.', repeat_interval=0, repeat_rule=0, reminder_1_minutes=-1, reminder_2_minutes=-1, reminder_3_minutes=-1, reminder_1_type=0, reminder_2_type=0, reminder_3_type=0, repeat_limit=0, repetition_exceptions='[]', attendees='', import_id='', time_zone='UTC', flags=0, event_type=1, parent_id=0, last_updated=0, source='imported-ics', availability=0, color=0, type=0, id=-1) not found in the 'after' state.
W0603 23:33:21.418187 139745830014976 android_world_controller.py:98] Could not get a11y tree, retrying.
W0603 23:38:13.168333 139745830014976 sqlite_validators.py:168] Expected row CalendarEvent(start_ts=1698591600, end_ts=1698595200, title='Catch up on Annual Report', location='', description='We will prepare for upcoming project milestones.', repeat_interval=0, repeat_rule=0, reminder_1_minutes=-1, reminder_2_minutes=-1, reminder_3_minutes=-1, reminder_1_type=0, reminder_2_type=0, reminder_3_type=0, repeat_limit=0, repetition_exceptions='[]', attendees='', import_id='', time_zone='UTC', flags=0, event_type=1, parent_id=0, last_updated=0, source='imported-ics', availability=0, color=0, type=0, id=-1) not found in the 'after' state.
Starting AndroidWorld eval with guiowl_dvlm -> /data2/androidworld_eval/runs/current_general_focus_multicombo_20260603_232318/current_general_focus_expanded_shard6/run_20260603T232335793701
Running task: MarkorDeleteNote
==============================
Running task MarkorDeleteNote with goal "Delete the note in Markor named friendly_tree_edited."
Completed step 1.
Completed step 2.
Completed step 3.
Completed step 4.
Completed step 5.
Completed step 6.
Completed step 7.
Completed step 8.
Completed step 9.
Completed step 10.
Agent did not indicate task is done. Reached max number of steps.
Task Failed ❌;  Delete the note in Markor named friendly_tree_edited.


                             task_num  num_complete_trials  mean_success_rate  mean_episode_length  total_runtime_s  num_fail_trials
task                                                                                                                                
MarkorDeleteNote                    0                  1.0                0.0                 10.0             91.0              0.0
========= Average =========         0                  1.0                0.0                 10.0             91.0              0.0


               mean_success_rate
difficulty                  easy
tags                            
data_edit                    0.0
parameterized                0.0
requires_setup               0.0
Running task MarkorDeleteNote with goal "Delete the note in Markor named friendly_tree_edited."
Completed step 1.
Completed step 2.
Completed step 3.
Completed step 4.
Completed step 5.
Completed step 6.
Completed step 7.
Completed step 8.
Completed step 9.
Completed step 10.
Agent did not indicate task is done. Reached max number of steps.
Task Failed ❌;  Delete the note in Markor named friendly_tree_edited.


                             task_num  num_complete_trials  mean_success_rate  mean_episode_length  total_runtime_s  num_fail_trials
task                                                                                                                                
MarkorDeleteNote                    0                  2.0                0.0                 10.0            177.9              0.0
========= Average =========         0                  2.0                0.0                 10.0            177.9              0.0


               mean_success_rate
difficulty                  easy
tags                            
data_edit                    0.0
parameterized                0.0
requires_setup               0.0
Running task MarkorDeleteNote with goal "Delete the note in Markor named friendly_tree_edited."
Completed step 1.
Completed step 2.
Completed step 3.
Completed step 4.
Completed step 5.
Completed step 6.
Completed step 7.
Completed step 8.
Completed step 9.
Completed step 10.
Agent did not indicate task is done. Reached max number of steps.
Task Failed ❌;  Delete the note in Markor named friendly_tree_edited.


                             task_num  num_complete_trials  mean_success_rate  mean_episode_length  total_runtime_s  num_fail_trials
task                                                                                                                                
MarkorDeleteNote                    0                  3.0                0.0                 10.0            295.3              0.0
========= Average =========         0                  3.0                0.0                 10.0            295.3              0.0


               mean_success_rate
difficulty                  easy
tags                            
data_edit                    0.0
parameterized                0.0
requires_setup               0.0

Running task: SimpleCalendarAddOneEventInTwoWeeks
=================================================
Running task SimpleCalendarAddOneEventInTwoWeeks with goal "In Simple Calendar Pro, create a calendar event in two weeks from today at 15h with the title 'Catch up on Annual Report' and the description 'We will prepare for upcoming project milestones.'. The event should last for 60 mins."
Completed step 1.
Completed step 2.
Completed step 3.
Completed step 4.
Completed step 5.
Completed step 6.
Completed step 7.
Completed step 8.
Completed step 9.
Completed step 10.
Completed step 11.
Completed step 12.
Completed step 13.
Completed step 14.
Completed step 15.
Completed step 16.
Completed step 17.
Completed step 18.
Completed step 19.
Completed step 20.
Completed step 21.
Completed step 22.
Completed step 23.
Completed step 24.
Completed step 25.
Completed step 26.
Completed step 27.
Completed step 28.
Completed step 29.
Completed step 30.
Completed step 31.
Completed step 32.
Completed step 33.
Completed step 34.
Agent did not indicate task is done. Reached max number of steps.
Task Failed ❌;  In Simple Calendar Pro, create a calendar event in two weeks from today at 15h with the title 'Catch up on Annual Report' and the description 'We will prepare for upcoming project milestones.'. The event should last for 60 mins.


                                     task_num  num_complete_trials  mean_success_rate  mean_episode_length  total_runtime_s  num_fail_trials
task                                                                                                                                        
MarkorDeleteNote                            0                  3.0                0.0                 10.0           295.30              0.0
SimpleCalendarAddOneEventInTwoWeeks         1                  1.0                0.0                 34.0           285.00              0.0
========= Average =========                 0                  2.0                0.0                 22.0           290.15              0.0


               mean_success_rate       
difficulty                  easy medium
tags                                   
data_edit                    0.0      -
data_entry                     -    0.0
math_counting                  -    0.0
parameterized                0.0    0.0
requires_setup               0.0      -
Running task SimpleCalendarAddOneEventInTwoWeeks with goal "In Simple Calendar Pro, create a calendar event in two weeks from today at 15h with the title 'Catch up on Annual Report' and the description 'We will prepare for upcoming project milestones.'. The event should last for 60 mins."
Completed step 1.
Completed step 2.
Completed step 3.
Completed step 4.
Completed step 5.
Completed step 6.
Completed step 7.
Completed step 8.
Completed step 9.
Completed step 10.
Completed step 11.
Completed step 12.
Completed step 13.
Completed step 14.
Completed step 15.
Completed step 16.
Completed step 17.
Completed step 18.
Completed step 19.
Completed step 20.
Completed step 21.
Completed step 22.
Completed step 23.
Completed step 24.
Completed step 25.
Completed step 26.
Completed step 27.
Completed step 28.
Completed step 29.
Completed step 30.
Completed step 31.
Completed step 32.
Completed step 33.
Completed step 34.
Agent did not indicate task is done. Reached max number of steps.
Task Failed ❌;  In Simple Calendar Pro, create a calendar event in two weeks from today at 15h with the title 'Catch up on Annual Report' and the description 'We will prepare for upcoming project milestones.'. The event should last for 60 mins.


                                     task_num  num_complete_trials  mean_success_rate  mean_episode_length  total_runtime_s  num_fail_trials
task                                                                                                                                        
MarkorDeleteNote                            0                  3.0                0.0                 10.0           295.30              0.0
SimpleCalendarAddOneEventInTwoWeeks         1                  2.0                0.0                 34.0           577.80              0.0
========= Average =========                 0                  2.5                0.0                 22.0           436.55              0.0
W0603 23:38:14.373728 139745830014976 android_world_controller.py:98] Could not get a11y tree, retrying.
W0603 23:42:23.476609 139745830014976 sqlite_validators.py:168] Expected row CalendarEvent(start_ts=1698591600, end_ts=1698595200, title='Catch up on Annual Report', location='', description='We will prepare for upcoming project milestones.', repeat_interval=0, repeat_rule=0, reminder_1_minutes=-1, reminder_2_minutes=-1, reminder_3_minutes=-1, reminder_1_type=0, reminder_2_type=0, reminder_3_type=0, repeat_limit=0, repetition_exceptions='[]', attendees='', import_id='', time_zone='UTC', flags=0, event_type=1, parent_id=0, last_updated=0, source='imported-ics', availability=0, color=0, type=0, id=-1) not found in the 'after' state.
W0603 23:42:30.632418 139745830014976 android_world_controller.py:98] Could not get a11y tree, retrying.
W0603 23:44:16.275799 139745830014976 android_world_controller.py:98] Could not get a11y tree, retrying.
W0603 23:46:10.892542 139745830014976 android_world_controller.py:98] Could not get a11y tree, retrying.
W0603 23:47:56.811320 139745830014976 android_world_controller.py:98] Could not get a11y tree, retrying.


               mean_success_rate       
difficulty                  easy medium
tags                                   
data_edit                    0.0      -
data_entry                     -    0.0
math_counting                  -    0.0
parameterized                0.0    0.0
requires_setup               0.0      -
Running task SimpleCalendarAddOneEventInTwoWeeks with goal "In Simple Calendar Pro, create a calendar event in two weeks from today at 15h with the title 'Catch up on Annual Report' and the description 'We will prepare for upcoming project milestones.'. The event should last for 60 mins."
Completed step 1.
Completed step 2.
Completed step 3.
Completed step 4.
Completed step 5.
Completed step 6.
Completed step 7.
Completed step 8.
Completed step 9.
Completed step 10.
Completed step 11.
Completed step 12.
Completed step 13.
Completed step 14.
Completed step 15.
Completed step 16.
Completed step 17.
Completed step 18.
Completed step 19.
Completed step 20.
Completed step 21.
Completed step 22.
Completed step 23.
Completed step 24.
Completed step 25.
Completed step 26.
Completed step 27.
Completed step 28.
Completed step 29.
Completed step 30.
Completed step 31.
Completed step 32.
Completed step 33.
Completed step 34.
Agent did not indicate task is done. Reached max number of steps.
Task Failed ❌;  In Simple Calendar Pro, create a calendar event in two weeks from today at 15h with the title 'Catch up on Annual Report' and the description 'We will prepare for upcoming project milestones.'. The event should last for 60 mins.


                                     task_num  num_complete_trials  mean_success_rate  mean_episode_length  total_runtime_s  num_fail_trials
task                                                                                                                                        
MarkorDeleteNote                            0                  3.0                0.0                 10.0            295.3              0.0
SimpleCalendarAddOneEventInTwoWeeks         1                  3.0                0.0                 34.0            827.7              0.0
========= Average =========                 0                  3.0                0.0                 22.0            561.5              0.0


               mean_success_rate       
difficulty                  easy medium
tags                                   
data_edit                    0.0      -
data_entry                     -    0.0
math_counting                  -    0.0
parameterized                0.0    0.0
requires_setup               0.0      -

Running task: SimpleSmsReply
============================
Running task SimpleSmsReply with goal "Reply to +17299084910 with message: Lorem Ipsum is simply dummy text. in Simple SMS Messenger"
Completed step 1.
Completed step 2.
Completed step 3.
Completed step 4.
Completed step 5.
Completed step 6.
Completed step 7.
Completed step 8.
Completed step 9.
Completed step 10.
Completed step 11.
Completed step 12.
Agent did not indicate task is done. Reached max number of steps.
Task Failed ❌;  Reply to +17299084910 with message: Lorem Ipsum is simply dummy text. in Simple SMS Messenger


                                     task_num  num_complete_trials  mean_success_rate  mean_episode_length  total_runtime_s  num_fail_trials
task                                                                                                                                        
MarkorDeleteNote                            0                 3.00                0.0                10.00            295.3              0.0
SimpleCalendarAddOneEventInTwoWeeks         1                 3.00                0.0                34.00            827.7              0.0
SimpleSmsReply                              2                 1.00                0.0                12.00            105.5              0.0
========= Average =========                 0                 2.33                0.0                18.67            409.5              0.0


               mean_success_rate       
difficulty                  easy medium
tags                                   
data_edit                    0.0      -
data_entry                   0.0    0.0
math_counting                  -    0.0
parameterized                0.0    0.0
requires_setup               0.0      -
search                       0.0      -
Running task SimpleSmsReply with goal "Reply to +17299084910 with message: Lorem Ipsum is simply dummy text. in Simple SMS Messenger"
Completed step 1.
Completed step 2.
Completed step 3.
Completed step 4.
Completed step 5.
Completed step 6.
Completed step 7.
Completed step 8.
Completed step 9.
Completed step 10.
Completed step 11.
Completed step 12.
Agent did not indicate task is done. Reached max number of steps.
Task Failed ❌;  Reply to +17299084910 with message: Lorem Ipsum is simply dummy text. in Simple SMS Messenger


                                     task_num  num_complete_trials  mean_success_rate  mean_episode_length  total_runtime_s  num_fail_trials
task                                                                                                                                        
MarkorDeleteNote                            0                 3.00                0.0                10.00           295.30              0.0
SimpleCalendarAddOneEventInTwoWeeks         1                 3.00                0.0                34.00           827.70              0.0
SimpleSmsReply                              2                 2.00                0.0                12.00           219.90              0.0
========= Average =========                 0                 2.67                0.0                18.67           447.63              0.0


               mean_success_rate       
difficulty                  easy medium
tags                                   
data_edit                    0.0      -
data_entry                   0.0    0.0
math_counting                  -    0.0
parameterized                0.0    0.0
requires_setup               0.0      -
search                       0.0      -
Running task SimpleSmsReply with goal "Reply to +17299084910 with message: Lorem Ipsum is simply dummy text. in Simple SMS Messenger"
Completed step 1.
Completed step 2.
Completed step 3.
Completed step 4.
Completed step 5.
Completed step 6.
Completed step 7.
Completed step 8.
Completed step 9.
Completed step 10.
Completed step 11.
Completed step 12.
Agent did not indicate task is done. Reached max number of steps.
Task Failed ❌;  Reply to +17299084910 with message: Lorem Ipsum is simply dummy text. in Simple SMS Messenger


                                     task_num  num_complete_trials  mean_success_rate  mean_episode_length  total_runtime_s  num_fail_trials
task                                                                                                                                        
MarkorDeleteNote                            0                  3.0                0.0                10.00           295.30              0.0
SimpleCalendarAddOneEventInTwoWeeks         1                  3.0                0.0                34.00           827.70              0.0
SimpleSmsReply                              2                  3.0                0.0                12.00           332.20              0.0
========= Average =========                 0                  3.0                0.0                18.67           485.07              0.0


               mean_success_rate       
difficulty                  easy medium
tags                                   
data_edit                    0.0      -
data_entry                   0.0    0.0
math_counting                  -    0.0
parameterized                0.0    0.0
requires_setup               0.0      -
search                       0.0      -

Running task: SystemBrightnessMin
=================================
Running task SystemBrightnessMin with goal "Turn brightness to the min value."
Completed step 1.
Completed step 2.
Completed step 3.
Completed step 4.
Completed step 5.
Completed step 6.
Completed step 7.
Completed step 8.
Completed step 9.
W0603 23:49:23.613801 139745830014976 android_world_controller.py:98] Could not get a11y tree, retrying.
W0603 23:50:44.310592 139745830014976 android_world_controller.py:98] Could not get a11y tree, retrying.
W0603 23:52:04.390253 139745830014976 android_world_controller.py:98] Could not get a11y tree, retrying.
W0603 23:53:21.064836 139745830014976 android_world_controller.py:98] Could not get a11y tree, retrying.
Completed step 10.
Agent did not indicate task is done. Reached max number of steps.
Task Failed ❌;  Turn brightness to the min value.


                                     task_num  num_complete_trials  mean_success_rate  mean_episode_length  total_runtime_s  num_fail_trials
task                                                                                                                                        
MarkorDeleteNote                            0                  3.0                0.0                 10.0           295.30              0.0
SimpleCalendarAddOneEventInTwoWeeks         1                  3.0                0.0                 34.0           827.70              0.0
SimpleSmsReply                              2                  3.0                0.0                 12.0           332.20              0.0
SystemBrightnessMin                         3                  1.0                0.0                 10.0            86.50              0.0
========= Average =========                 0                  2.5                0.0                 16.5           385.43              0.0


               mean_success_rate       
difficulty                  easy medium
tags                                   
data_edit                    0.0      -
data_entry                   0.0    0.0
math_counting                  -    0.0
parameterized                0.0    0.0
requires_setup               0.0      -
search                       0.0      -
untagged                     0.0      -
Running task SystemBrightnessMin with goal "Turn brightness to the min value."
Completed step 1.
Completed step 2.
Completed step 3.
Completed step 4.
Completed step 5.
Completed step 6.
Completed step 7.
Completed step 8.
Completed step 9.
Completed step 10.
Agent did not indicate task is done. Reached max number of steps.
Task Failed ❌;  Turn brightness to the min value.


                                     task_num  num_complete_trials  mean_success_rate  mean_episode_length  total_runtime_s  num_fail_trials
task                                                                                                                                        
MarkorDeleteNote                            0                 3.00                0.0                 10.0            295.3              0.0
SimpleCalendarAddOneEventInTwoWeeks         1                 3.00                0.0                 34.0            827.7              0.0
SimpleSmsReply                              2                 3.00                0.0                 12.0            332.2              0.0
SystemBrightnessMin                         3                 2.00                0.0                 10.0            167.2              0.0
========= Average =========                 0                 2.75                0.0                 16.5            405.6              0.0


               mean_success_rate       
difficulty                  easy medium
tags                                   
data_edit                    0.0      -
data_entry                   0.0    0.0
math_counting                  -    0.0
parameterized                0.0    0.0
requires_setup               0.0      -
search                       0.0      -
untagged                     0.0      -
Running task SystemBrightnessMin with goal "Turn brightness to the min value."
Completed step 1.
Completed step 2.
Completed step 3.
Completed step 4.
Completed step 5.
Completed step 6.
Completed step 7.
Completed step 8.
Completed step 9.
Completed step 10.
Agent did not indicate task is done. Reached max number of steps.
Task Failed ❌;  Turn brightness to the min value.


                                     task_num  num_complete_trials  mean_success_rate  mean_episode_length  total_runtime_s  num_fail_trials
task                                                                                                                                        
MarkorDeleteNote                            0                  3.0                0.0                 10.0           295.30              0.0
SimpleCalendarAddOneEventInTwoWeeks         1                  3.0                0.0                 34.0           827.70              0.0
SimpleSmsReply                              2                  3.0                0.0                 12.0           332.20              0.0
SystemBrightnessMin                         3                  3.0                0.0                 10.0           247.10              0.0
========= Average =========                 0                  3.0                0.0                 16.5           425.57              0.0


               mean_success_rate       
difficulty                  easy medium
tags                                   
data_edit                    0.0      -
data_entry                   0.0    0.0
math_counting                  -    0.0
parameterized                0.0    0.0
requires_setup               0.0      -
search                       0.0      -
untagged                     0.0      -

Running task: SystemWifiTurnOff
===============================
Running task SystemWifiTurnOff with goal "Turn wifi off."
Completed step 1.
Completed step 2.
Completed step 3.
Completed step 4.
Completed step 5.
Completed step 6.
Completed step 7.
Completed step 8.
Completed step 9.
Completed step 10.
Agent did not indicate task is done. Reached max number of steps.
Task Failed ❌;  Turn wifi off.


                                     task_num  num_complete_trials  mean_success_rate  mean_episode_length  total_runtime_s  num_fail_trials
task                                                                                                                                        
MarkorDeleteNote                            0                  3.0                0.0                 10.0           295.30              0.0
SimpleCalendarAddOneEventInTwoWeeks         1                  3.0                0.0                 34.0           827.70              0.0
SimpleSmsReply                              2                  3.0                0.0                 12.0           332.20              0.0
SystemBrightnessMin                         3                  3.0                0.0                 10.0           247.10              0.0
SystemWifiTurnOff                           4                  1.0                0.0                 10.0            76.50              0.0
========= Average =========                 0                  2.6                0.0                 15.2           355.76              0.0


               mean_success_rate       
difficulty                  easy medium
tags                                   
data_edit                    0.0      -
data_entry                   0.0    0.0
math_counting                  -    0.0
parameterized                0.0    0.0
requires_setup               0.0      -
screen_reading               0.0      -
search                       0.0      -
untagged                     0.0      -
Running task SystemWifiTurnOff with goal "Turn wifi off."
Completed step 1.
Completed step 2.
Completed step 3.
Completed step 4.
Completed step 5.
Completed step 6.
Completed step 7.
Completed step 8.
Completed step 9.
Completed step 10.
Agent did not indicate task is done. Reached max number of steps.
Task Failed ❌;  Turn wifi off.
W0603 23:54:33.773893 139745830014976 android_world_controller.py:98] Could not get a11y tree, retrying.
W0603 23:55:52.300812 139745830014976 android_world_controller.py:98] Could not get a11y tree, retrying.
W0603 23:57:06.638849 139745830014976 android_world_controller.py:98] Could not get a11y tree, retrying.


                                     task_num  num_complete_trials  mean_success_rate  mean_episode_length  total_runtime_s  num_fail_trials
task                                                                                                                                        
MarkorDeleteNote                            0                  3.0                0.0                 10.0           295.30              0.0
SimpleCalendarAddOneEventInTwoWeeks         1                  3.0                0.0                 34.0           827.70              0.0
SimpleSmsReply                              2                  3.0                0.0                 12.0           332.20              0.0
SystemBrightnessMin                         3                  3.0                0.0                 10.0           247.10              0.0
SystemWifiTurnOff                           4                  2.0                0.0                 10.0           149.10              0.0
========= Average =========                 0                  2.8                0.0                 15.2           370.28              0.0


               mean_success_rate       
difficulty                  easy medium
tags                                   
data_edit                    0.0      -
data_entry                   0.0    0.0
math_counting                  -    0.0
parameterized                0.0    0.0
requires_setup               0.0      -
screen_reading               0.0      -
search                       0.0      -
untagged                     0.0      -
Running task SystemWifiTurnOff with goal "Turn wifi off."
Completed step 1.
Completed step 2.
Completed step 3.
Completed step 4.
Completed step 5.
Completed step 6.
Completed step 7.
Completed step 8.
Completed step 9.
Completed step 10.
Agent did not indicate task is done. Reached max number of steps.
Task Failed ❌;  Turn wifi off.


                                     task_num  num_complete_trials  mean_success_rate  mean_episode_length  total_runtime_s  num_fail_trials
task                                                                                                                                        
MarkorDeleteNote                            0                  3.0                0.0                 10.0           295.30              0.0
SimpleCalendarAddOneEventInTwoWeeks         1                  3.0                0.0                 34.0           827.70              0.0
SimpleSmsReply                              2                  3.0                0.0                 12.0           332.20              0.0
SystemBrightnessMin                         3                  3.0                0.0                 10.0           247.10              0.0
SystemWifiTurnOff                           4                  3.0                0.0                 10.0           227.00              0.0
========= Average =========                 0                  3.0                0.0                 15.2           385.86              0.0


               mean_success_rate       
difficulty                  easy medium
tags                                   
data_edit                    0.0      -
data_entry                   0.0    0.0
math_counting                  -    0.0
parameterized                0.0    0.0
requires_setup               0.0      -
screen_reading               0.0      -
search                       0.0      -
untagged                     0.0      -

Running task: TasksDueNextWeek
==============================
Running task TasksDueNextWeek with goal "How many tasks do I have due next week in Tasks app? Assume the week starts from Monday. Express your answer as a single integer."
Completed step 1.
Completed step 2.
Completed step 3.
Completed step 4.
Completed step 5.
Completed step 6.
Completed step 7.
Completed step 8.
Completed step 9.
Completed step 10.
Agent did not indicate task is done. Reached max number of steps.
Task Failed ❌;  How many tasks do I have due next week in Tasks app? Assume the week starts from Monday. Express your answer as a single integer.


                                     task_num  num_complete_trials  mean_success_rate  mean_episode_length  total_runtime_s  num_fail_trials
task                                                                                                                                        
MarkorDeleteNote                            0                 3.00                0.0                10.00           295.30              0.0
SimpleCalendarAddOneEventInTwoWeeks         1                 3.00                0.0                34.00           827.70              0.0
SimpleSmsReply                              2                 3.00                0.0                12.00           332.20              0.0
SystemBrightnessMin                         3                 3.00                0.0                10.00           247.10              0.0
SystemWifiTurnOff                           4                 3.00                0.0                10.00           227.00              0.0
TasksDueNextWeek                            5                 1.00                0.0                10.00            73.80              0.0
========= Average =========                 0                 2.67                0.0                14.33           333.85              0.0


                      mean_success_rate       
difficulty                         easy medium
tags                                          
data_edit                           0.0      -
data_entry                          0.0    0.0
information_retrieval                 -    0.0
math_counting                         -    0.0
parameterized                       0.0    0.0
requires_setup                      0.0      -
screen_reading                      0.0      -
search                              0.0      -
untagged                            0.0      -
Running task TasksDueNextWeek with goal "How many tasks do I have due next week in Tasks app? Assume the week starts from Monday. Express your answer as a single integer."
Completed step 1.
Completed step 2.
Completed step 3.
Completed step 4.
Completed step 5.
Completed step 6.
Completed step 7.
Completed step 8.
Completed step 9.
Completed step 10.
Agent did not indicate task is done. Reached max number of steps.
Task Failed ❌;  How many tasks do I have due next week in Tasks app? Assume the week starts from Monday. Express your answer as a single integer.


                                     task_num  num_complete_trials  mean_success_rate  mean_episode_length  total_runtime_s  num_fail_trials
task                                                                                                                                        
MarkorDeleteNote                            0                 3.00                0.0                10.00           295.30              0.0
SimpleCalendarAddOneEventInTwoWeeks         1                 3.00                0.0                34.00           827.70              0.0
SimpleSmsReply                              2                 3.00                0.0                12.00           332.20              0.0
SystemBrightnessMin                         3                 3.00                0.0                10.00           247.10              0.0
SystemWifiTurnOff                           4                 3.00                0.0                10.00           227.00              0.0
TasksDueNextWeek                            5                 2.00                0.0                10.00           139.20              0.0
========= Average =========                 0                 2.83                0.0                14.33           344.75              0.0


                      mean_success_rate       
difficulty                         easy medium
tags                                          
data_edit                           0.0      -
data_entry                          0.0    0.0
information_retrieval                 -    0.0
math_counting                         -    0.0
parameterized                       0.0    0.0
requires_setup                      0.0      -
screen_reading                      0.0      -
search                              0.0      -
untagged                            0.0      -
Running task TasksDueNextWeek with goal "How many tasks do I have due next week in Tasks app? Assume the week starts from Monday. Express your answer as a single integer."
Completed step 1.
Completed step 2.
Completed step 3.
Completed step 4.
Completed step 5.
Completed step 6.
Completed step 7.
Completed step 8.
Completed step 9.
Completed step 10.
Agent did not indicate task is done. Reached max number of steps.
Task Failed ❌;  How many tasks do I have due next week in Tasks app? Assume the week starts from Monday. Express your answer as a single integer.


                                     task_num  num_complete_trials  mean_success_rate  mean_episode_length  total_runtime_s  num_fail_trials
task                                                                                                                                        
MarkorDeleteNote                            0                  3.0                0.0                10.00           295.30              0.0
SimpleCalendarAddOneEventInTwoWeeks         1                  3.0                0.0                34.00           827.70              0.0
SimpleSmsReply                              2                  3.0                0.0                12.00           332.20              0.0
SystemBrightnessMin                         3                  3.0                0.0                10.00           247.10              0.0
SystemWifiTurnOff                           4                  3.0                0.0                10.00           227.00              0.0
TasksDueNextWeek                            5                  3.0                0.0                10.00           202.30              0.0
========= Average =========                 0                  3.0                0.0                14.33           355.27              0.0


                      mean_success_rate       
difficulty                         easy medium
tags                                          
data_edit                           0.0      -
data_entry                          0.0    0.0
information_retrieval                 -    0.0
math_counting                         -    0.0
parameterized                       0.0    0.0
requires_setup                      0.0      -
screen_reading                      0.0      -
search                              0.0      -
untagged                            0.0      -

Finished AndroidWorld eval. Wrote to /data2/androidworld_eval/runs/current_general_focus_multicombo_20260603_232318/current_general_focus_expanded_shard6/run_20260603T232335793701
