W0603 23:23:37.214267 139650015916032 android_world_controller.py:98] Could not get a11y tree, retrying.
W0603 23:27:15.358003 139650015916032 android_world_controller.py:98] Could not get a11y tree, retrying.
W0603 23:29:34.362366 139650015916032 android_world_controller.py:98] Could not get a11y tree, retrying.
W0603 23:31:05.621689 139650015916032 android_world_controller.py:98] Could not get a11y tree, retrying.
W0603 23:32:37.177073 139650015916032 android_world_controller.py:98] Could not get a11y tree, retrying.
Starting AndroidWorld eval with guiowl_dvlm -> /data2/androidworld_eval/runs/current_general_focus_multicombo_20260603_232318/current_general_focus_expanded_shard3/run_20260603T232336923691
Running task: AudioRecorderRecordAudio
======================================
Running task AudioRecorderRecordAudio with goal "Record an audio clip using Audio Recorder app and save it."
Completed step 1.
Completed step 2.
Completed step 3.
Completed step 4.
Completed step 5.
Completed step 6.
Completed step 7.
Completed step 8.
Completed step 9.
Completed step 10.
Completed step 11.
Completed step 12.
Agent did not indicate task is done. Reached max number of steps.
Task Failed ❌;  Record an audio clip using Audio Recorder app and save it.


                             task_num  num_complete_trials  mean_success_rate  mean_episode_length  total_runtime_s  num_fail_trials
task                                                                                                                                
AudioRecorderRecordAudio            0                  1.0                0.0                 12.0            107.8              0.0
========= Average =========         0                  1.0                0.0                 12.0            107.8              0.0


               mean_success_rate
difficulty                  easy
tags                            
requires_setup               0.0
Running task AudioRecorderRecordAudio with goal "Record an audio clip using Audio Recorder app and save it."
Completed step 1.
Completed step 2.
Completed step 3.
Completed step 4.
Completed step 5.
Completed step 6.
Completed step 7.
Completed step 8.
Completed step 9.
Completed step 10.
Completed step 11.
Completed step 12.
Agent did not indicate task is done. Reached max number of steps.
Task Failed ❌;  Record an audio clip using Audio Recorder app and save it.


                             task_num  num_complete_trials  mean_success_rate  mean_episode_length  total_runtime_s  num_fail_trials
task                                                                                                                                
AudioRecorderRecordAudio            0                  2.0                0.0                 12.0            217.9              0.0
========= Average =========         0                  2.0                0.0                 12.0            217.9              0.0


               mean_success_rate
difficulty                  easy
tags                            
requires_setup               0.0
Running task AudioRecorderRecordAudio with goal "Record an audio clip using Audio Recorder app and save it."
Completed step 1.
Completed step 2.
Completed step 3.
Completed step 4.
Completed step 5.
Completed step 6.
Completed step 7.
Completed step 8.
Completed step 9.
Completed step 10.
Completed step 11.
Completed step 12.
Agent did not indicate task is done. Reached max number of steps.
Task Failed ❌;  Record an audio clip using Audio Recorder app and save it.


                             task_num  num_complete_trials  mean_success_rate  mean_episode_length  total_runtime_s  num_fail_trials
task                                                                                                                                
AudioRecorderRecordAudio            0                  3.0                0.0                 12.0            356.7              0.0
========= Average =========         0                  3.0                0.0                 12.0            356.7              0.0


               mean_success_rate
difficulty                  easy
tags                            
requires_setup               0.0

Running task: ClockTimerEntry
=============================
Running task ClockTimerEntry with goal "Create a timer with 9 hours, 44 minutes, and 56 seconds. Do not start the timer."
Completed step 1.
Completed step 2.
Completed step 3.
Completed step 4.
Completed step 5.
Completed step 6.
Completed step 7.
Completed step 8.
Completed step 9.
Completed step 10.
Agent did not indicate task is done. Reached max number of steps.
Task Failed ❌;  Create a timer with 9 hours, 44 minutes, and 56 seconds. Do not start the timer.


                             task_num  num_complete_trials  mean_success_rate  mean_episode_length  total_runtime_s  num_fail_trials
task                                                                                                                                
AudioRecorderRecordAudio            0                  3.0                0.0                 12.0           356.70              0.0
ClockTimerEntry                     1                  1.0                0.0                 10.0            91.20              0.0
========= Average =========         0                  2.0                0.0                 11.0           223.95              0.0


               mean_success_rate
difficulty                  easy
tags                            
data_entry                   0.0
parameterized                0.0
requires_setup               0.0
Running task ClockTimerEntry with goal "Create a timer with 9 hours, 44 minutes, and 56 seconds. Do not start the timer."
Completed step 1.
Completed step 2.
Completed step 3.
Completed step 4.
Completed step 5.
Completed step 6.
Completed step 7.
Completed step 8.
Completed step 9.
Completed step 10.
Agent did not indicate task is done. Reached max number of steps.
Task Failed ❌;  Create a timer with 9 hours, 44 minutes, and 56 seconds. Do not start the timer.


                             task_num  num_complete_trials  mean_success_rate  mean_episode_length  total_runtime_s  num_fail_trials
task                                                                                                                                
AudioRecorderRecordAudio            0                  3.0                0.0                 12.0            356.7              0.0
ClockTimerEntry                     1                  2.0                0.0                 10.0            182.5              0.0
========= Average =========         0                  2.5                0.0                 11.0            269.6              0.0


               mean_success_rate
difficulty                  easy
tags                            
data_entry                   0.0
parameterized                0.0
requires_setup               0.0
Running task ClockTimerEntry with goal "Create a timer with 9 hours, 44 minutes, and 56 seconds. Do not start the timer."
Completed step 1.
Completed step 2.
Completed step 3.
Completed step 4.
Completed step 5.
Completed step 6.
Completed step 7.
Completed step 8.
Completed step 9.
Completed step 10.
Agent did not indicate task is done. Reached max number of steps.
Task Failed ❌;  Create a timer with 9 hours, 44 minutes, and 56 seconds. Do not start the timer.


                             task_num  num_complete_trials  mean_success_rate  mean_episode_length  total_runtime_s  num_fail_trials
task                                                                                                                                
AudioRecorderRecordAudio            0                  3.0                0.0                 12.0            356.7              0.0
ClockTimerEntry                     1                  3.0                0.0                 10.0            276.7              0.0
========= Average =========         0                  3.0                0.0                 11.0            316.7              0.0


               mean_success_rate
difficulty                  easy
tags                            
data_entry                   0.0
parameterized                0.0
requires_setup               0.0

Running task: ContactsAddContact
================================
Running task ContactsAddContact with goal "Create a new contact for Ali Liu. Their number is +18566791294."
Completed step 1.
Completed step 2.
Completed step 3.
Completed step 4.
Completed step 5.
Completed step 6.
Completed step 7.
Completed step 8.
Completed step 9.
Completed step 10.
Completed step 11.
Completed step 12.
W0603 23:35:54.108632 139650015916032 android_world_controller.py:98] Could not get a11y tree, retrying.
W0603 23:39:13.383632 139650015916032 android_world_controller.py:98] Could not get a11y tree, retrying.
W0603 23:41:40.910221 139650015916032 android_world_controller.py:98] Could not get a11y tree, retrying.
W0603 23:44:01.257981 139650015916032 android_world_controller.py:98] Could not get a11y tree, retrying.
Agent did not indicate task is done. Reached max number of steps.
Task Failed ❌;  Create a new contact for Ali Liu. Their number is +18566791294.


                             task_num  num_complete_trials  mean_success_rate  mean_episode_length  total_runtime_s  num_fail_trials
task                                                                                                                                
AudioRecorderRecordAudio            0                 3.00                0.0                12.00            356.7              0.0
ClockTimerEntry                     1                 3.00                0.0                10.00            276.7              0.0
ContactsAddContact                  2                 1.00                0.0                12.00            102.5              0.0
========= Average =========         0                 2.33                0.0                11.33            245.3              0.0


               mean_success_rate
difficulty                  easy
tags                            
data_entry                   0.0
parameterized                0.0
requires_setup               0.0
Running task ContactsAddContact with goal "Create a new contact for Ali Liu. Their number is +18566791294."
Completed step 1.
Completed step 2.
Completed step 3.
Completed step 4.
Completed step 5.
Completed step 6.
Completed step 7.
Completed step 8.
Completed step 9.
Completed step 10.
Completed step 11.
Completed step 12.
Agent did not indicate task is done. Reached max number of steps.
Task Failed ❌;  Create a new contact for Ali Liu. Their number is +18566791294.


                             task_num  num_complete_trials  mean_success_rate  mean_episode_length  total_runtime_s  num_fail_trials
task                                                                                                                                
AudioRecorderRecordAudio            0                 3.00                0.0                12.00            356.7              0.0
ClockTimerEntry                     1                 3.00                0.0                10.00            276.7              0.0
ContactsAddContact                  2                 2.00                0.0                12.00            201.2              0.0
========= Average =========         0                 2.67                0.0                11.33            278.2              0.0


               mean_success_rate
difficulty                  easy
tags                            
data_entry                   0.0
parameterized                0.0
requires_setup               0.0
Running task ContactsAddContact with goal "Create a new contact for Ali Liu. Their number is +18566791294."
Completed step 1.
Completed step 2.
Completed step 3.
Completed step 4.
Completed step 5.
Completed step 6.
Completed step 7.
Completed step 8.
Completed step 9.
Completed step 10.
Completed step 11.
Completed step 12.
Agent did not indicate task is done. Reached max number of steps.
Task Failed ❌;  Create a new contact for Ali Liu. Their number is +18566791294.


                             task_num  num_complete_trials  mean_success_rate  mean_episode_length  total_runtime_s  num_fail_trials
task                                                                                                                                
AudioRecorderRecordAudio            0                  3.0                0.0                12.00            356.7              0.0
ClockTimerEntry                     1                  3.0                0.0                10.00            276.7              0.0
ContactsAddContact                  2                  3.0                0.0                12.00            300.2              0.0
========= Average =========         0                  3.0                0.0                11.33            311.2              0.0


               mean_success_rate
difficulty                  easy
tags                            
data_entry                   0.0
parameterized                0.0
requires_setup               0.0

Running task: MarkorCreateNote
==============================
Running task MarkorCreateNote with goal "Create a new note in Markor named 2023_04_26_fierce_cat.md with the following text: Lunch meeting with Sarah at 1 PM Cafe L'amour."
Completed step 1.
Completed step 2.
Completed step 3.
Completed step 4.
Completed step 5.
Completed step 6.
Completed step 7.
Completed step 8.
Completed step 9.
Completed step 10.
Completed step 11.
Completed step 12.
Completed step 13.
Completed step 14.
Completed step 15.
Completed step 16.
Agent did not indicate task is done. Reached max number of steps.
Task Failed ❌;  Create a new note in Markor named 2023_04_26_fierce_cat.md with the following text: Lunch meeting with Sarah at 1 PM Cafe L'amour.


                             task_num  num_complete_trials  mean_success_rate  mean_episode_length  total_runtime_s  num_fail_trials
task                                                                                                                                
AudioRecorderRecordAudio            0                  3.0                0.0                 12.0           356.70              0.0
ClockTimerEntry                     1                  3.0                0.0                 10.0           276.70              0.0
ContactsAddContact                  2                  3.0                0.0                 12.0           300.20              0.0
MarkorCreateNote                    3                  1.0                0.0                 16.0           146.60              0.0
========= Average =========         0                  2.5                0.0                 12.5           270.05              0.0


               mean_success_rate       
difficulty                  easy medium
tags                                   
data_entry                   0.0    0.0
parameterized                0.0    0.0
requires_setup               0.0      -
Running task MarkorCreateNote with goal "Create a new note in Markor named 2023_04_26_fierce_cat.md with the following text: Lunch meeting with Sarah at 1 PM Cafe L'amour."
Completed step 1.
Completed step 2.
Completed step 3.
Completed step 4.
Completed step 5.
Completed step 6.
Completed step 7.
Completed step 8.
Completed step 9.
Completed step 10.
Completed step 11.
Completed step 12.
Completed step 13.
Completed step 14.
Completed step 15.
Completed step 16.
Agent did not indicate task is done. Reached max number of steps.
Task Failed ❌;  Create a new note in Markor named 2023_04_26_fierce_cat.md with the following text: Lunch meeting with Sarah at 1 PM Cafe L'amour.


                             task_num  num_complete_trials  mean_success_rate  mean_episode_length  total_runtime_s  num_fail_trials
task                                                                                                                                
AudioRecorderRecordAudio            0                 3.00                0.0                 12.0           356.70              0.0
ClockTimerEntry                     1                 3.00                0.0                 10.0           276.70              0.0
ContactsAddContact                  2                 3.00                0.0                 12.0           300.20              0.0
MarkorCreateNote                    3                 2.00                0.0                 16.0           285.80              0.0
========= Average =========         0                 2.75                0.0                 12.5           304.85              0.0


               mean_success_rate       
difficulty                  easy medium
tags                                   
data_entry                   0.0    0.0
parameterized                0.0    0.0
requires_setup               0.0      -
Running task MarkorCreateNote with goal "Create a new note in Markor named 2023_04_26_fierce_cat.md with the following text: Lunch meeting with Sarah at 1 PM Cafe L'amour."
Completed step 1.
Completed step 2.
Completed step 3.
Completed step 4.
Completed step 5.
Completed step 6.
Completed step 7.
W0603 23:46:10.290368 139650015916032 android_world_controller.py:98] Could not get a11y tree, retrying.
W0603 23:50:50.482845 139650015916032 sqlite_validators.py:168] Expected row CalendarEvent(start_ts=1697940000, end_ts=1697940900, title='Appointment for Annual Report', location='', description='We will review contract details.', repeat_interval=0, repeat_rule=0, reminder_1_minutes=-1, reminder_2_minutes=-1, reminder_3_minutes=-1, reminder_1_type=0, reminder_2_type=0, reminder_3_type=0, repeat_limit=0, repetition_exceptions='[]', attendees='', import_id='', time_zone='UTC', flags=0, event_type=1, parent_id=0, last_updated=0, source='imported-ics', availability=0, color=0, type=0, id=-1) not found in the 'after' state.
W0603 23:50:51.717637 139650015916032 android_world_controller.py:98] Could not get a11y tree, retrying.
W0603 23:55:19.609003 139650015916032 sqlite_validators.py:168] Expected row CalendarEvent(start_ts=1697940000, end_ts=1697940900, title='Appointment for Annual Report', location='', description='We will review contract details.', repeat_interval=0, repeat_rule=0, reminder_1_minutes=-1, reminder_2_minutes=-1, reminder_3_minutes=-1, reminder_1_type=0, reminder_2_type=0, reminder_3_type=0, repeat_limit=0, repetition_exceptions='[]', attendees='', import_id='', time_zone='UTC', flags=0, event_type=1, parent_id=0, last_updated=0, source='imported-ics', availability=0, color=0, type=0, id=-1) not found in the 'after' state.
W0603 23:55:20.741202 139650015916032 android_world_controller.py:98] Could not get a11y tree, retrying.
W0603 23:59:08.864805 139650015916032 sqlite_validators.py:168] Expected row CalendarEvent(start_ts=1697940000, end_ts=1697940900, title='Appointment for Annual Report', location='', description='We will review contract details.', repeat_interval=0, repeat_rule=0, reminder_1_minutes=-1, reminder_2_minutes=-1, reminder_3_minutes=-1, reminder_1_type=0, reminder_2_type=0, reminder_3_type=0, repeat_limit=0, repetition_exceptions='[]', attendees='', import_id='', time_zone='UTC', flags=0, event_type=1, parent_id=0, last_updated=0, source='imported-ics', availability=0, color=0, type=0, id=-1) not found in the 'after' state.
Completed step 8.
Completed step 9.
Completed step 10.
Completed step 11.
Completed step 12.
Completed step 13.
Completed step 14.
Completed step 15.
Completed step 16.
Agent did not indicate task is done. Reached max number of steps.
Task Failed ❌;  Create a new note in Markor named 2023_04_26_fierce_cat.md with the following text: Lunch meeting with Sarah at 1 PM Cafe L'amour.


                             task_num  num_complete_trials  mean_success_rate  mean_episode_length  total_runtime_s  num_fail_trials
task                                                                                                                                
AudioRecorderRecordAudio            0                  3.0                0.0                 12.0            356.7              0.0
ClockTimerEntry                     1                  3.0                0.0                 10.0            276.7              0.0
ContactsAddContact                  2                  3.0                0.0                 12.0            300.2              0.0
MarkorCreateNote                    3                  3.0                0.0                 16.0            414.0              0.0
========= Average =========         0                  3.0                0.0                 12.5            336.9              0.0


               mean_success_rate       
difficulty                  easy medium
tags                                   
data_entry                   0.0    0.0
parameterized                0.0    0.0
requires_setup               0.0      -

Running task: SimpleCalendarAddOneEvent
=======================================
Running task SimpleCalendarAddOneEvent with goal "In Simple Calendar Pro, create a calendar event on 2023-10-22 at 2h with the title 'Appointment for Annual Report' and the description 'We will review contract details.'. The event should last for 15 mins."
Completed step 1.
Completed step 2.
Completed step 3.
Completed step 4.
Completed step 5.
Completed step 6.
Completed step 7.
Completed step 8.
Completed step 9.
Completed step 10.
Completed step 11.
Completed step 12.
Completed step 13.
Completed step 14.
Completed step 15.
Completed step 16.
Completed step 17.
Completed step 18.
Completed step 19.
Completed step 20.
Completed step 21.
Completed step 22.
Completed step 23.
Completed step 24.
Completed step 25.
Completed step 26.
Completed step 27.
Completed step 28.
Completed step 29.
Completed step 30.
Completed step 31.
Completed step 32.
Completed step 33.
Completed step 34.
Agent did not indicate task is done. Reached max number of steps.
Task Failed ❌;  In Simple Calendar Pro, create a calendar event on 2023-10-22 at 2h with the title 'Appointment for Annual Report' and the description 'We will review contract details.'. The event should last for 15 mins.


                             task_num  num_complete_trials  mean_success_rate  mean_episode_length  total_runtime_s  num_fail_trials
task                                                                                                                                
AudioRecorderRecordAudio            0                  3.0                0.0                 12.0           356.70              0.0
ClockTimerEntry                     1                  3.0                0.0                 10.0           276.70              0.0
ContactsAddContact                  2                  3.0                0.0                 12.0           300.20              0.0
MarkorCreateNote                    3                  3.0                0.0                 16.0           414.00              0.0
SimpleCalendarAddOneEvent           4                  1.0                0.0                 34.0           281.10              0.0
========= Average =========         0                  2.6                0.0                 16.8           325.74              0.0


                         mean_success_rate            
difficulty                            easy medium hard
tags                                                  
complex_ui_understanding                 -      -  0.0
data_entry                             0.0    0.0  0.0
parameterized                          0.0    0.0  0.0
requires_setup                         0.0      -    -
Running task SimpleCalendarAddOneEvent with goal "In Simple Calendar Pro, create a calendar event on 2023-10-22 at 2h with the title 'Appointment for Annual Report' and the description 'We will review contract details.'. The event should last for 15 mins."
Completed step 1.
Completed step 2.
Completed step 3.
Completed step 4.
Completed step 5.
Completed step 6.
Completed step 7.
Completed step 8.
Completed step 9.
Completed step 10.
Completed step 11.
Completed step 12.
Completed step 13.
Completed step 14.
Completed step 15.
Completed step 16.
Completed step 17.
Completed step 18.
Completed step 19.
Completed step 20.
Completed step 21.
Completed step 22.
Completed step 23.
Completed step 24.
Completed step 25.
Completed step 26.
Completed step 27.
Completed step 28.
Completed step 29.
Completed step 30.
Completed step 31.
Completed step 32.
Completed step 33.
Completed step 34.
Agent did not indicate task is done. Reached max number of steps.
Task Failed ❌;  In Simple Calendar Pro, create a calendar event on 2023-10-22 at 2h with the title 'Appointment for Annual Report' and the description 'We will review contract details.'. The event should last for 15 mins.


                             task_num  num_complete_trials  mean_success_rate  mean_episode_length  total_runtime_s  num_fail_trials
task                                                                                                                                
AudioRecorderRecordAudio            0                  3.0                0.0                 12.0           356.70              0.0
ClockTimerEntry                     1                  3.0                0.0                 10.0           276.70              0.0
ContactsAddContact                  2                  3.0                0.0                 12.0           300.20              0.0
MarkorCreateNote                    3                  3.0                0.0                 16.0           414.00              0.0
SimpleCalendarAddOneEvent           4                  2.0                0.0                 34.0           549.80              0.0
========= Average =========         0                  2.8                0.0                 16.8           379.48              0.0


                         mean_success_rate            
difficulty                            easy medium hard
tags                                                  
complex_ui_understanding                 -      -  0.0
data_entry                             0.0    0.0  0.0
parameterized                          0.0    0.0  0.0
requires_setup                         0.0      -    -
Running task SimpleCalendarAddOneEvent with goal "In Simple Calendar Pro, create a calendar event on 2023-10-22 at 2h with the title 'Appointment for Annual Report' and the description 'We will review contract details.'. The event should last for 15 mins."
Completed step 1.
Completed step 2.
Completed step 3.
Completed step 4.
Completed step 5.
Completed step 6.
Completed step 7.
Completed step 8.
Completed step 9.
Completed step 10.
Completed step 11.
Completed step 12.
Completed step 13.
Completed step 14.
Completed step 15.
Completed step 16.
Completed step 17.
Completed step 18.
Completed step 19.
Completed step 20.
Completed step 21.
Completed step 22.
Completed step 23.
Completed step 24.
Completed step 25.
Completed step 26.
Completed step 27.
Completed step 28.
Completed step 29.
Completed step 30.
Completed step 31.
Completed step 32.
Completed step 33.
Completed step 34.
Agent did not indicate task is done. Reached max number of steps.
Task Failed ❌;  In Simple Calendar Pro, create a calendar event on 2023-10-22 at 2h with the title 'Appointment for Annual Report' and the description 'We will review contract details.'. The event should last for 15 mins.
W0603 23:59:09.783962 139650015916032 android_world_controller.py:98] Could not get a11y tree, retrying.
W0603 23:59:56.051977 139650015916032 android_world_controller.py:98] Could not get a11y tree, retrying.
W0604 00:00:36.055564 139650015916032 android_world_controller.py:98] Could not get a11y tree, retrying.


                             task_num  num_complete_trials  mean_success_rate  mean_episode_length  total_runtime_s  num_fail_trials
task                                                                                                                                
AudioRecorderRecordAudio            0                  3.0                0.0                 12.0           356.70              0.0
ClockTimerEntry                     1                  3.0                0.0                 10.0           276.70              0.0
ContactsAddContact                  2                  3.0                0.0                 12.0           300.20              0.0
MarkorCreateNote                    3                  3.0                0.0                 16.0           414.00              0.0
SimpleCalendarAddOneEvent           4                  3.0                0.0                 34.0           778.70              0.0
========= Average =========         0                  3.0                0.0                 16.8           425.26              0.0


                         mean_success_rate            
difficulty                            easy medium hard
tags                                                  
complex_ui_understanding                 -      -  0.0
data_entry                             0.0    0.0  0.0
parameterized                          0.0    0.0  0.0
requires_setup                         0.0      -    -

Running task: SimpleCalendarEventsOnDate
========================================
Running task SimpleCalendarEventsOnDate with goal "What events do I have the Thursday after next in Simple Calendar Pro? Answer with the titles only. If there are multiple titles, format your answer as a comma separated list."
Completed step 1.
Completed step 2.
Completed step 3.
Completed step 4.
Completed step 5.
Completed step 6.
Completed step 7.
Completed step 8.
Completed step 9.
Completed step 10.
Agent did not indicate task is done. Reached max number of steps.
Task Failed ❌;  What events do I have the Thursday after next in Simple Calendar Pro? Answer with the titles only. If there are multiple titles, format your answer as a comma separated list.


                             task_num  num_complete_trials  mean_success_rate  mean_episode_length  total_runtime_s  num_fail_trials
task                                                                                                                                
AudioRecorderRecordAudio            0                 3.00                0.0                12.00           356.70              0.0
ClockTimerEntry                     1                 3.00                0.0                10.00           276.70              0.0
ContactsAddContact                  2                 3.00                0.0                12.00           300.20              0.0
MarkorCreateNote                    3                 3.00                0.0                16.00           414.00              0.0
SimpleCalendarAddOneEvent           4                 3.00                0.0                34.00           778.70              0.0
SimpleCalendarEventsOnDate          5                 1.00                0.0                10.00            45.90              0.0
========= Average =========         0                 2.67                0.0                15.67           362.03              0.0


                         mean_success_rate            
difficulty                            easy medium hard
tags                                                  
complex_ui_understanding                 -      -  0.0
data_entry                             0.0    0.0  0.0
information_retrieval                    -    0.0    -
parameterized                          0.0    0.0  0.0
requires_setup                         0.0      -    -
Running task SimpleCalendarEventsOnDate with goal "What events do I have the Thursday after next in Simple Calendar Pro? Answer with the titles only. If there are multiple titles, format your answer as a comma separated list."
Completed step 1.
Completed step 2.
Completed step 3.
Completed step 4.
Completed step 5.
Completed step 6.
Completed step 7.
Completed step 8.
Completed step 9.
Completed step 10.
Agent did not indicate task is done. Reached max number of steps.
Task Failed ❌;  What events do I have the Thursday after next in Simple Calendar Pro? Answer with the titles only. If there are multiple titles, format your answer as a comma separated list.


                             task_num  num_complete_trials  mean_success_rate  mean_episode_length  total_runtime_s  num_fail_trials
task                                                                                                                                
AudioRecorderRecordAudio            0                 3.00                0.0                12.00           356.70              0.0
ClockTimerEntry                     1                 3.00                0.0                10.00           276.70              0.0
ContactsAddContact                  2                 3.00                0.0                12.00           300.20              0.0
MarkorCreateNote                    3                 3.00                0.0                16.00           414.00              0.0
SimpleCalendarAddOneEvent           4                 3.00                0.0                34.00           778.70              0.0
SimpleCalendarEventsOnDate          5                 2.00                0.0                10.00            85.60              0.0
========= Average =========         0                 2.83                0.0                15.67           368.65              0.0


                         mean_success_rate            
difficulty                            easy medium hard
tags                                                  
complex_ui_understanding                 -      -  0.0
data_entry                             0.0    0.0  0.0
information_retrieval                    -    0.0    -
parameterized                          0.0    0.0  0.0
requires_setup                         0.0      -    -
Running task SimpleCalendarEventsOnDate with goal "What events do I have the Thursday after next in Simple Calendar Pro? Answer with the titles only. If there are multiple titles, format your answer as a comma separated list."
Completed step 1.
Completed step 2.
Completed step 3.
Completed step 4.
Completed step 5.
Completed step 6.
Completed step 7.
Completed step 8.
Completed step 9.
Completed step 10.
Agent did not indicate task is done. Reached max number of steps.
Task Failed ❌;  What events do I have the Thursday after next in Simple Calendar Pro? Answer with the titles only. If there are multiple titles, format your answer as a comma separated list.


                             task_num  num_complete_trials  mean_success_rate  mean_episode_length  total_runtime_s  num_fail_trials
task                                                                                                                                
AudioRecorderRecordAudio            0                  3.0                0.0                12.00           356.70              0.0
ClockTimerEntry                     1                  3.0                0.0                10.00           276.70              0.0
ContactsAddContact                  2                  3.0                0.0                12.00           300.20              0.0
MarkorCreateNote                    3                  3.0                0.0                16.00           414.00              0.0
SimpleCalendarAddOneEvent           4                  3.0                0.0                34.00           778.70              0.0
SimpleCalendarEventsOnDate          5                  3.0                0.0                10.00           128.40              0.0
========= Average =========         0                  3.0                0.0                15.67           375.78              0.0
W0604 00:01:18.700725 139650015916032 android_world_controller.py:98] Could not get a11y tree, retrying.
W0604 00:02:03.025763 139650015916032 android_world_controller.py:98] Could not get a11y tree, retrying.
W0604 00:02:42.063269 139650015916032 android_world_controller.py:98] Could not get a11y tree, retrying.


                         mean_success_rate            
difficulty                            easy medium hard
tags                                                  
complex_ui_understanding                 -      -  0.0
data_entry                             0.0    0.0  0.0
information_retrieval                    -    0.0    -
parameterized                          0.0    0.0  0.0
requires_setup                         0.0      -    -

Running task: SystemBluetoothTurnOffVerify
==========================================
Running task SystemBluetoothTurnOffVerify with goal "Turn bluetooth off."
Completed step 1.
Completed step 2.
Completed step 3.
Completed step 4.
Completed step 5.
Completed step 6.
Completed step 7.
Completed step 8.
Completed step 9.
Completed step 10.
Agent did not indicate task is done. Reached max number of steps.
Task Failed ❌;  Turn bluetooth off.


                              task_num  num_complete_trials  mean_success_rate  mean_episode_length  total_runtime_s  num_fail_trials
task                                                                                                                                 
AudioRecorderRecordAudio             0                 3.00                0.0                12.00           356.70              0.0
ClockTimerEntry                      1                 3.00                0.0                10.00           276.70              0.0
ContactsAddContact                   2                 3.00                0.0                12.00           300.20              0.0
MarkorCreateNote                     3                 3.00                0.0                16.00           414.00              0.0
SimpleCalendarAddOneEvent            4                 3.00                0.0                34.00           778.70              0.0
SimpleCalendarEventsOnDate           5                 3.00                0.0                10.00           128.40              0.0
SystemBluetoothTurnOffVerify         6                 1.00                0.0                10.00            44.20              0.0
========= Average =========          0                 2.71                0.0                14.86           328.41              0.0


                         mean_success_rate            
difficulty                            easy medium hard
tags                                                  
complex_ui_understanding                 -      -  0.0
data_entry                             0.0    0.0  0.0
information_retrieval                    -    0.0    -
parameterized                          0.0    0.0  0.0
requires_setup                         0.0      -    -
verification                           0.0      -    -
Running task SystemBluetoothTurnOffVerify with goal "Turn bluetooth off."
Completed step 1.
Completed step 2.
Completed step 3.
Completed step 4.
Completed step 5.
Completed step 6.
Completed step 7.
Completed step 8.
Completed step 9.
Completed step 10.
Agent did not indicate task is done. Reached max number of steps.
Task Failed ❌;  Turn bluetooth off.


                              task_num  num_complete_trials  mean_success_rate  mean_episode_length  total_runtime_s  num_fail_trials
task                                                                                                                                 
AudioRecorderRecordAudio             0                 3.00                0.0                12.00           356.70              0.0
ClockTimerEntry                      1                 3.00                0.0                10.00           276.70              0.0
ContactsAddContact                   2                 3.00                0.0                12.00           300.20              0.0
MarkorCreateNote                     3                 3.00                0.0                16.00           414.00              0.0
SimpleCalendarAddOneEvent            4                 3.00                0.0                34.00           778.70              0.0
SimpleCalendarEventsOnDate           5                 3.00                0.0                10.00           128.40              0.0
SystemBluetoothTurnOffVerify         6                 2.00                0.0                10.00            83.10              0.0
========= Average =========          0                 2.86                0.0                14.86           333.97              0.0


                         mean_success_rate            
difficulty                            easy medium hard
tags                                                  
complex_ui_understanding                 -      -  0.0
data_entry                             0.0    0.0  0.0
information_retrieval                    -    0.0    -
parameterized                          0.0    0.0  0.0
requires_setup                         0.0      -    -
verification                           0.0      -    -
Running task SystemBluetoothTurnOffVerify with goal "Turn bluetooth off."
Completed step 1.
Completed step 2.
Completed step 3.
Completed step 4.
Completed step 5.
Completed step 6.
Completed step 7.
Completed step 8.
Completed step 9.
Completed step 10.
Agent did not indicate task is done. Reached max number of steps.
Task Failed ❌;  Turn bluetooth off.


                              task_num  num_complete_trials  mean_success_rate  mean_episode_length  total_runtime_s  num_fail_trials
task                                                                                                                                 
AudioRecorderRecordAudio             0                  3.0                0.0                12.00            356.7              0.0
ClockTimerEntry                      1                  3.0                0.0                10.00            276.7              0.0
ContactsAddContact                   2                  3.0                0.0                12.00            300.2              0.0
MarkorCreateNote                     3                  3.0                0.0                16.00            414.0              0.0
SimpleCalendarAddOneEvent            4                  3.0                0.0                34.00            778.7              0.0
SimpleCalendarEventsOnDate           5                  3.0                0.0                10.00            128.4              0.0
SystemBluetoothTurnOffVerify         6                  3.0                0.0                10.00            123.9              0.0
========= Average =========          0                  3.0                0.0                14.86            339.8              0.0


                         mean_success_rate            
difficulty                            easy medium hard
tags                                                  
complex_ui_understanding                 -      -  0.0
data_entry                             0.0    0.0  0.0
information_retrieval                    -    0.0    -
parameterized                          0.0    0.0  0.0
requires_setup                         0.0      -    -
verification                           0.0      -    -

Finished AndroidWorld eval. Wrote to /data2/androidworld_eval/runs/current_general_focus_multicombo_20260603_232318/current_general_focus_expanded_shard3/run_20260603T232336923691
