W0603 23:23:37.473661 139759816884224 android_world_controller.py:98] Could not get a11y tree, retrying.
W0603 23:25:05.253824 139759816884224 android_world_controller.py:98] Could not get a11y tree, retrying.
W0603 23:26:24.395810 139759816884224 android_world_controller.py:98] Could not get a11y tree, retrying.
W0603 23:28:04.956295 139759816884224 android_world_controller.py:98] Could not get a11y tree, retrying.
W0603 23:29:36.408097 139759816884224 android_world_controller.py:98] Could not get a11y tree, retrying.
W0603 23:31:01.165601 139759816884224 android_world_controller.py:98] Could not get a11y tree, retrying.
Starting AndroidWorld eval with guiowl_dvlm -> /data2/androidworld_eval/runs/current_general_focus_multicombo_20260603_232318/current_general_focus_expanded_shard2/run_20260603T232337094059
Running task: CameraTakePhoto
=============================
Running task CameraTakePhoto with goal "Take one photo."
Completed step 1.
Completed step 2.
Completed step 3.
Completed step 4.
Completed step 5.
Completed step 6.
Completed step 7.
Completed step 8.
Completed step 9.
Completed step 10.
Agent did not indicate task is done. Reached max number of steps.
Task Failed ❌;  Take one photo.


                             task_num  num_complete_trials  mean_success_rate  mean_episode_length  total_runtime_s  num_fail_trials
task                                                                                                                                
CameraTakePhoto                     0                  1.0                0.0                 10.0             87.7              0.0
========= Average =========         0                  1.0                0.0                 10.0             87.7              0.0


           mean_success_rate
difficulty              easy
tags                        
untagged                 0.0
Running task CameraTakePhoto with goal "Take one photo."
Completed step 1.
Completed step 2.
Completed step 3.
Completed step 4.
Completed step 5.
Completed step 6.
Completed step 7.
Completed step 8.
Completed step 9.
Completed step 10.
Agent did not indicate task is done. Reached max number of steps.
Task Failed ❌;  Take one photo.


                             task_num  num_complete_trials  mean_success_rate  mean_episode_length  total_runtime_s  num_fail_trials
task                                                                                                                                
CameraTakePhoto                     0                  2.0                0.0                 10.0            166.6              0.0
========= Average =========         0                  2.0                0.0                 10.0            166.6              0.0


           mean_success_rate
difficulty              easy
tags                        
untagged                 0.0
Running task CameraTakePhoto with goal "Take one photo."
Completed step 1.
Completed step 2.
Completed step 3.
Completed step 4.
Completed step 5.
Completed step 6.
Completed step 7.
Completed step 8.
Completed step 9.
Completed step 10.
Agent did not indicate task is done. Reached max number of steps.
Task Failed ❌;  Take one photo.


                             task_num  num_complete_trials  mean_success_rate  mean_episode_length  total_runtime_s  num_fail_trials
task                                                                                                                                
CameraTakePhoto                     0                  3.0                0.0                 10.0            267.0              0.0
========= Average =========         0                  3.0                0.0                 10.0            267.0              0.0


           mean_success_rate
difficulty              easy
tags                        
untagged                 0.0

Running task: ClockStopWatchPausedVerify
========================================
Running task ClockStopWatchPausedVerify with goal "Pause the stopwatch."
Completed step 1.
Completed step 2.
Completed step 3.
Completed step 4.
Completed step 5.
Completed step 6.
Completed step 7.
Completed step 8.
Completed step 9.
Completed step 10.
Agent did not indicate task is done. Reached max number of steps.
Task Failed ❌;  Pause the stopwatch.


                             task_num  num_complete_trials  mean_success_rate  mean_episode_length  total_runtime_s  num_fail_trials
task                                                                                                                                
CameraTakePhoto                     0                  3.0                0.0                 10.0            267.0              0.0
ClockStopWatchPausedVerify          1                  1.0                0.0                 10.0             91.2              0.0
========= Average =========         0                  2.0                0.0                 10.0            179.1              0.0


             mean_success_rate
difficulty                easy
tags                          
untagged                   0.0
verification               0.0
Running task ClockStopWatchPausedVerify with goal "Pause the stopwatch."
Completed step 1.
Completed step 2.
Completed step 3.
Completed step 4.
Completed step 5.
Completed step 6.
Completed step 7.
Completed step 8.
Completed step 9.
Completed step 10.
Agent did not indicate task is done. Reached max number of steps.
Task Failed ❌;  Pause the stopwatch.


                             task_num  num_complete_trials  mean_success_rate  mean_episode_length  total_runtime_s  num_fail_trials
task                                                                                                                                
CameraTakePhoto                     0                  3.0                0.0                 10.0           267.00              0.0
ClockStopWatchPausedVerify          1                  2.0                0.0                 10.0           175.90              0.0
========= Average =========         0                  2.5                0.0                 10.0           221.45              0.0


             mean_success_rate
difficulty                easy
tags                          
untagged                   0.0
verification               0.0
Running task ClockStopWatchPausedVerify with goal "Pause the stopwatch."
Completed step 1.
Completed step 2.
Completed step 3.
Completed step 4.
Completed step 5.
Completed step 6.
Completed step 7.
Completed step 8.
Completed step 9.
Completed step 10.
Agent did not indicate task is done. Reached max number of steps.
Task Failed ❌;  Pause the stopwatch.


                             task_num  num_complete_trials  mean_success_rate  mean_episode_length  total_runtime_s  num_fail_trials
task                                                                                                                                
CameraTakePhoto                     0                  3.0                0.0                 10.0           267.00              0.0
ClockStopWatchPausedVerify          1                  3.0                0.0                 10.0           261.30              0.0
========= Average =========         0                  3.0                0.0                 10.0           264.15              0.0


             mean_success_rate
difficulty                easy
tags                          
untagged                   0.0
verification               0.0

Running task: SimpleCalendarAnyEventsOnDate
===========================================
Running task SimpleCalendarAnyEventsOnDate with goal "Do I have any events tomorrow in Simple Calendar Pro? Answer with the titles only. If there are multiples titles, format your answer in a comma separated list."
Completed step 1.
Completed step 2.
Completed step 3.
Completed step 4.
Completed step 5.
Completed step 6.
Completed step 7.
Completed step 8.
Completed step 9.
Completed step 10.
Agent did not indicate task is done. Reached max number of steps.
Task Failed ❌;  Do I have any events tomorrow in Simple Calendar Pro? Answer with the titles only. If there are multiples titles, format your answer in a comma separated list.
W0603 23:33:44.269431 139759816884224 android_world_controller.py:98] Could not get a11y tree, retrying.
E0603 23:37:12.013067 139759816884224 suite_utils.py:251] Logging exception and skipping task. Will keep running. Task: SimpleSmsSendReceivedAddress: Target text "SAVE" not found.
Traceback (most recent call last):
  File "/data2/androidworld_eval/android_world/android_world/suite_utils.py", line 245, in _run_task
    task.initialize_task(env)
  File "/data2/androidworld_eval/android_world/android_world/task_evals/single/sms.py", line 221, in initialize_task
    contacts_utils.add_contact(
  File "/data2/androidworld_eval/android_world/android_world/utils/contacts_utils.py", line 67, in add_contact
    actuation.find_and_click_element("SAVE", env)
  File "/data2/androidworld_eval/android_world/android_world/env/actuation.py", line 242, in find_and_click_element
    action = _wait_and_find_click_element(element_text, env, case_sensitive)
             ^^^^^^^^^^^^^^^^^^^^^^^^^^^^^^^^^^^^^^^^^^^^^^^^^^^^^^^^^^^^^^^
  File "/data2/androidworld_eval/android_world/android_world/env/actuation.py", line 270, in _wait_and_find_click_element
    raise ValueError(f'Target text "{target_text}" not found.')
ValueError: Target text "SAVE" not found.
Traceback (most recent call last):
  File "/data2/androidworld_eval/android_world/android_world/suite_utils.py", line 245, in _run_task
    task.initialize_task(env)
  File "/data2/androidworld_eval/android_world/android_world/task_evals/single/sms.py", line 221, in initialize_task
    contacts_utils.add_contact(
  File "/data2/androidworld_eval/android_world/android_world/utils/contacts_utils.py", line 67, in add_contact
    actuation.find_and_click_element("SAVE", env)
  File "/data2/androidworld_eval/android_world/android_world/env/actuation.py", line 242, in find_and_click_element
    action = _wait_and_find_click_element(element_text, env, case_sensitive)
             ^^^^^^^^^^^^^^^^^^^^^^^^^^^^^^^^^^^^^^^^^^^^^^^^^^^^^^^^^^^^^^^
  File "/data2/androidworld_eval/android_world/android_world/env/actuation.py", line 270, in _wait_and_find_click_element
    raise ValueError(f'Target text "{target_text}" not found.')
ValueError: Target text "SAVE" not found.
E0603 23:37:29.365774 139759816884224 suite_utils.py:251] Logging exception and skipping task. Will keep running. Task: SimpleSmsSendReceivedAddress: Target text "SAVE" not found.
Traceback (most recent call last):
  File "/data2/androidworld_eval/android_world/android_world/suite_utils.py", line 245, in _run_task
    task.initialize_task(env)
  File "/data2/androidworld_eval/android_world/android_world/task_evals/single/sms.py", line 221, in initialize_task
    contacts_utils.add_contact(
  File "/data2/androidworld_eval/android_world/android_world/utils/contacts_utils.py", line 67, in add_contact
    actuation.find_and_click_element("SAVE", env)
  File "/data2/androidworld_eval/android_world/android_world/env/actuation.py", line 242, in find_and_click_element
    action = _wait_and_find_click_element(element_text, env, case_sensitive)
             ^^^^^^^^^^^^^^^^^^^^^^^^^^^^^^^^^^^^^^^^^^^^^^^^^^^^^^^^^^^^^^^
  File "/data2/androidworld_eval/android_world/android_world/env/actuation.py", line 270, in _wait_and_find_click_element
    raise ValueError(f'Target text "{target_text}" not found.')
ValueError: Target text "SAVE" not found.
Traceback (most recent call last):
  File "/data2/androidworld_eval/android_world/android_world/suite_utils.py", line 245, in _run_task
    task.initialize_task(env)
  File "/data2/androidworld_eval/android_world/android_world/task_evals/single/sms.py", line 221, in initialize_task
    contacts_utils.add_contact(
  File "/data2/androidworld_eval/android_world/android_world/utils/contacts_utils.py", line 67, in add_contact
    actuation.find_and_click_element("SAVE", env)
  File "/data2/androidworld_eval/android_world/android_world/env/actuation.py", line 242, in find_and_click_element
    action = _wait_and_find_click_element(element_text, env, case_sensitive)
             ^^^^^^^^^^^^^^^^^^^^^^^^^^^^^^^^^^^^^^^^^^^^^^^^^^^^^^^^^^^^^^^
  File "/data2/androidworld_eval/android_world/android_world/env/actuation.py", line 270, in _wait_and_find_click_element
    raise ValueError(f'Target text "{target_text}" not found.')
ValueError: Target text "SAVE" not found.
E0603 23:37:46.583847 139759816884224 suite_utils.py:251] Logging exception and skipping task. Will keep running. Task: SimpleSmsSendReceivedAddress: Target text "SAVE" not found.
Traceback (most recent call last):
  File "/data2/androidworld_eval/android_world/android_world/suite_utils.py", line 245, in _run_task
    task.initialize_task(env)
  File "/data2/androidworld_eval/android_world/android_world/task_evals/single/sms.py", line 221, in initialize_task
    contacts_utils.add_contact(
  File "/data2/androidworld_eval/android_world/android_world/utils/contacts_utils.py", line 67, in add_contact
    actuation.find_and_click_element("SAVE", env)
  File "/data2/androidworld_eval/android_world/android_world/env/actuation.py", line 242, in find_and_click_element
    action = _wait_and_find_click_element(element_text, env, case_sensitive)
             ^^^^^^^^^^^^^^^^^^^^^^^^^^^^^^^^^^^^^^^^^^^^^^^^^^^^^^^^^^^^^^^
  File "/data2/androidworld_eval/android_world/android_world/env/actuation.py", line 270, in _wait_and_find_click_element
    raise ValueError(f'Target text "{target_text}" not found.')
ValueError: Target text "SAVE" not found.
Traceback (most recent call last):
  File "/data2/androidworld_eval/android_world/android_world/suite_utils.py", line 245, in _run_task
    task.initialize_task(env)
  File "/data2/androidworld_eval/android_world/android_world/task_evals/single/sms.py", line 221, in initialize_task
    contacts_utils.add_contact(
  File "/data2/androidworld_eval/android_world/android_world/utils/contacts_utils.py", line 67, in add_contact
    actuation.find_and_click_element("SAVE", env)
  File "/data2/androidworld_eval/android_world/android_world/env/actuation.py", line 242, in find_and_click_element
    action = _wait_and_find_click_element(element_text, env, case_sensitive)
             ^^^^^^^^^^^^^^^^^^^^^^^^^^^^^^^^^^^^^^^^^^^^^^^^^^^^^^^^^^^^^^^
  File "/data2/androidworld_eval/android_world/android_world/env/actuation.py", line 270, in _wait_and_find_click_element
    raise ValueError(f'Target text "{target_text}" not found.')
ValueError: Target text "SAVE" not found.


                               task_num  num_complete_trials  mean_success_rate  mean_episode_length  total_runtime_s  num_fail_trials
task                                                                                                                                  
CameraTakePhoto                       0                 3.00                0.0                 10.0           267.00              0.0
ClockStopWatchPausedVerify            1                 3.00                0.0                 10.0           261.30              0.0
SimpleCalendarAnyEventsOnDate         2                 1.00                0.0                 10.0            76.90              0.0
========= Average =========           0                 2.33                0.0                 10.0           201.73              0.0


                      mean_success_rate
difficulty                         easy
tags                                   
information_retrieval               0.0
parameterized                       0.0
untagged                            0.0
verification                        0.0
Running task SimpleCalendarAnyEventsOnDate with goal "Do I have any events tomorrow in Simple Calendar Pro? Answer with the titles only. If there are multiples titles, format your answer in a comma separated list."
Completed step 1.
Completed step 2.
Completed step 3.
Completed step 4.
Completed step 5.
Completed step 6.
Completed step 7.
Completed step 8.
Completed step 9.
Completed step 10.
Agent did not indicate task is done. Reached max number of steps.
Task Failed ❌;  Do I have any events tomorrow in Simple Calendar Pro? Answer with the titles only. If there are multiples titles, format your answer in a comma separated list.


                               task_num  num_complete_trials  mean_success_rate  mean_episode_length  total_runtime_s  num_fail_trials
task                                                                                                                                  
CameraTakePhoto                       0                 3.00                0.0                 10.0           267.00              0.0
ClockStopWatchPausedVerify            1                 3.00                0.0                 10.0           261.30              0.0
SimpleCalendarAnyEventsOnDate         2                 2.00                0.0                 10.0           171.20              0.0
========= Average =========           0                 2.67                0.0                 10.0           233.17              0.0


                      mean_success_rate
difficulty                         easy
tags                                   
information_retrieval               0.0
parameterized                       0.0
untagged                            0.0
verification                        0.0
Running task SimpleCalendarAnyEventsOnDate with goal "Do I have any events tomorrow in Simple Calendar Pro? Answer with the titles only. If there are multiples titles, format your answer in a comma separated list."
Completed step 1.
Completed step 2.
Completed step 3.
Completed step 4.
Completed step 5.
Completed step 6.
Completed step 7.
Completed step 8.
Completed step 9.
Completed step 10.
Agent did not indicate task is done. Reached max number of steps.
Task Failed ❌;  Do I have any events tomorrow in Simple Calendar Pro? Answer with the titles only. If there are multiples titles, format your answer in a comma separated list.


                               task_num  num_complete_trials  mean_success_rate  mean_episode_length  total_runtime_s  num_fail_trials
task                                                                                                                                  
CameraTakePhoto                       0                  3.0                0.0                 10.0           267.00              0.0
ClockStopWatchPausedVerify            1                  3.0                0.0                 10.0           261.30              0.0
SimpleCalendarAnyEventsOnDate         2                  3.0                0.0                 10.0           267.40              0.0
========= Average =========           0                  3.0                0.0                 10.0           265.23              0.0


                      mean_success_rate
difficulty                         easy
tags                                   
information_retrieval               0.0
parameterized                       0.0
untagged                            0.0
verification                        0.0

Running task: SimpleSmsSendReceivedAddress
==========================================
~~~~~~~~~~~~~~~~~~~~~~~~~~~~~~~~~~~~~~~~~~~~~~~~~~~~~~~~~~~~~~~~~~~~~~~~~~~~~~~~
SKIPPING SimpleSmsSendReceivedAddress.


                               task_num  num_complete_trials  mean_success_rate  mean_episode_length  total_runtime_s  num_fail_trials
task                                                                                                                                  
CameraTakePhoto                       0                 3.00                0.0                 10.0           267.00             0.00
ClockStopWatchPausedVerify            1                 3.00                0.0                 10.0           261.30             0.00
SimpleCalendarAnyEventsOnDate         2                 3.00                0.0                 10.0           267.40             0.00
SimpleSmsSendReceivedAddress          3                 0.00                NaN                  NaN            17.20             1.00
========= Average =========           0                 2.25                0.0                 10.0           203.22             0.25


                      mean_success_rate
difficulty                         easy
tags                                   
information_retrieval               0.0
parameterized                       0.0
untagged                            0.0
verification                        0.0
~~~~~~~~~~~~~~~~~~~~~~~~~~~~~~~~~~~~~~~~~~~~~~~~~~~~~~~~~~~~~~~~~~~~~~~~~~~~~~~~
SKIPPING SimpleSmsSendReceivedAddress.


                               task_num  num_complete_trials  mean_success_rate  mean_episode_length  total_runtime_s  num_fail_trials
task                                                                                                                                  
CameraTakePhoto                       0                 3.00                0.0                 10.0           267.00              0.0
ClockStopWatchPausedVerify            1                 3.00                0.0                 10.0           261.30              0.0
SimpleCalendarAnyEventsOnDate         2                 3.00                0.0                 10.0           267.40              0.0
SimpleSmsSendReceivedAddress          3                 0.00                NaN                  NaN            34.60              2.0
========= Average =========           0                 2.25                0.0                 10.0           207.57              0.5


                      mean_success_rate
difficulty                         easy
tags                                   
information_retrieval               0.0
parameterized                       0.0
untagged                            0.0
verification                        0.0
~~~~~~~~~~~~~~~~~~~~~~~~~~~~~~~~~~~~~~~~~~~~~~~~~~~~~~~~~~~~~~~~~~~~~~~~~~~~~~~~
SKIPPING SimpleSmsSendReceivedAddress.
W0603 23:37:46.862992 139759816884224 android_world_controller.py:98] Could not get a11y tree, retrying.
W0603 23:37:47.863187 139759816884224 android_world_controller.py:98] Could not get a11y tree, retrying.
W0603 23:37:48.863401 139759816884224 android_world_controller.py:98] Could not get a11y tree, retrying.
W0603 23:39:12.411960 139759816884224 android_world_controller.py:98] Could not get a11y tree, retrying.
W0603 23:40:37.466172 139759816884224 android_world_controller.py:98] Could not get a11y tree, retrying.
W0603 23:42:09.513605 139759816884224 android_world_controller.py:98] Could not get a11y tree, retrying.


                               task_num  num_complete_trials  mean_success_rate  mean_episode_length  total_runtime_s  num_fail_trials
task                                                                                                                                  
CameraTakePhoto                       0                 3.00                0.0                 10.0           267.00             0.00
ClockStopWatchPausedVerify            1                 3.00                0.0                 10.0           261.30             0.00
SimpleCalendarAnyEventsOnDate         2                 3.00                0.0                 10.0           267.40             0.00
SimpleSmsSendReceivedAddress          3                 0.00                NaN                  NaN            51.80             3.00
========= Average =========           0                 2.25                0.0                 10.0           211.87             0.75


                      mean_success_rate
difficulty                         easy
tags                                   
information_retrieval               0.0
parameterized                       0.0
untagged                            0.0
verification                        0.0

Running task: SystemBluetoothTurnOff
====================================
Running task SystemBluetoothTurnOff with goal "Turn bluetooth off."
Completed step 1.
Completed step 2.
Completed step 3.
Completed step 4.
Completed step 5.
Completed step 6.
Completed step 7.
Completed step 8.
Completed step 9.
Completed step 10.
Agent did not indicate task is done. Reached max number of steps.
Task Failed ❌;  Turn bluetooth off.


                               task_num  num_complete_trials  mean_success_rate  mean_episode_length  total_runtime_s  num_fail_trials
task                                                                                                                                  
CameraTakePhoto                       0                  3.0                0.0                 10.0           267.00              0.0
ClockStopWatchPausedVerify            1                  3.0                0.0                 10.0           261.30              0.0
SimpleCalendarAnyEventsOnDate         2                  3.0                0.0                 10.0           267.40              0.0
SimpleSmsSendReceivedAddress          3                  0.0                NaN                  NaN            51.80              3.0
SystemBluetoothTurnOff                4                  1.0                0.0                 10.0            85.30              0.0
========= Average =========           0                  2.0                0.0                 10.0           186.56              0.6


                      mean_success_rate
difficulty                         easy
tags                                   
information_retrieval               0.0
parameterized                       0.0
untagged                            0.0
verification                        0.0
Running task SystemBluetoothTurnOff with goal "Turn bluetooth off."
Completed step 1.
Completed step 2.
Completed step 3.
Completed step 4.
Completed step 5.
Completed step 6.
Completed step 7.
Completed step 8.
Completed step 9.
Completed step 10.
Agent did not indicate task is done. Reached max number of steps.
Task Failed ❌;  Turn bluetooth off.


                               task_num  num_complete_trials  mean_success_rate  mean_episode_length  total_runtime_s  num_fail_trials
task                                                                                                                                  
CameraTakePhoto                       0                  3.0                0.0                 10.0           267.00              0.0
ClockStopWatchPausedVerify            1                  3.0                0.0                 10.0           261.30              0.0
SimpleCalendarAnyEventsOnDate         2                  3.0                0.0                 10.0           267.40              0.0
SimpleSmsSendReceivedAddress          3                  0.0                NaN                  NaN            51.80              3.0
SystemBluetoothTurnOff                4                  2.0                0.0                 10.0           170.20              0.0
========= Average =========           0                  2.2                0.0                 10.0           203.54              0.6


                      mean_success_rate
difficulty                         easy
tags                                   
information_retrieval               0.0
parameterized                       0.0
untagged                            0.0
verification                        0.0
Running task SystemBluetoothTurnOff with goal "Turn bluetooth off."
Completed step 1.
Completed step 2.
Completed step 3.
Completed step 4.
Completed step 5.
Completed step 6.
Completed step 7.
Completed step 8.
Completed step 9.
Completed step 10.
Agent did not indicate task is done. Reached max number of steps.
Task Failed ❌;  Turn bluetooth off.


                               task_num  num_complete_trials  mean_success_rate  mean_episode_length  total_runtime_s  num_fail_trials
task                                                                                                                                  
CameraTakePhoto                       0                  3.0                0.0                 10.0           267.00              0.0
ClockStopWatchPausedVerify            1                  3.0                0.0                 10.0           261.30              0.0
SimpleCalendarAnyEventsOnDate         2                  3.0                0.0                 10.0           267.40              0.0
SimpleSmsSendReceivedAddress          3                  0.0                NaN                  NaN            51.80              3.0
SystemBluetoothTurnOff                4                  3.0                0.0                 10.0           261.80              0.0
========= Average =========           0                  2.4                0.0                 10.0           221.86              0.6


                      mean_success_rate
difficulty                         easy
tags                                   
information_retrieval               0.0
parameterized                       0.0
untagged                            0.0
verification                        0.0

Running task: TasksIncompleteTasksOnDate
========================================
Running task TasksIncompleteTasksOnDate with goal "What incomplete tasks do I have still have to do by October 26 in Tasks app? Answer with the titles only. If there are multiples titles, format your answer in a comma separated list."
Completed step 1.
Completed step 2.
Completed step 3.
Completed step 4.
Completed step 5.
Completed step 6.
Completed step 7.
Completed step 8.
Completed step 9.
Completed step 10.
Agent did not indicate task is done. Reached max number of steps.
Task Failed ❌;  What incomplete tasks do I have still have to do by October 26 in Tasks app? Answer with the titles only. If there are multiples titles, format your answer in a comma separated list.
W0603 23:43:42.375042 139759816884224 android_world_controller.py:98] Could not get a11y tree, retrying.
W0603 23:46:29.807439 139759816884224 android_world_controller.py:98] Could not get a11y tree, retrying.


                               task_num  num_complete_trials  mean_success_rate  mean_episode_length  total_runtime_s  num_fail_trials
task                                                                                                                                  
CameraTakePhoto                       0                 3.00                0.0                 10.0           267.00              0.0
ClockStopWatchPausedVerify            1                 3.00                0.0                 10.0           261.30              0.0
SimpleCalendarAnyEventsOnDate         2                 3.00                0.0                 10.0           267.40              0.0
SimpleSmsSendReceivedAddress          3                 0.00                NaN                  NaN            51.80              3.0
SystemBluetoothTurnOff                4                 3.00                0.0                 10.0           261.80              0.0
TasksIncompleteTasksOnDate            5                 1.00                0.0                 10.0            92.40              0.0
========= Average =========           0                 2.17                0.0                 10.0           200.28              0.5


                      mean_success_rate
difficulty                         easy
tags                                   
information_retrieval               0.0
parameterized                       0.0
screen_reading                      0.0
untagged                            0.0
verification                        0.0
Running task TasksIncompleteTasksOnDate with goal "What incomplete tasks do I have still have to do by October 26 in Tasks app? Answer with the titles only. If there are multiples titles, format your answer in a comma separated list."
Completed step 1.
Completed step 2.
Completed step 3.
Completed step 4.
Completed step 5.
Completed step 6.
Completed step 7.
Completed step 8.
Completed step 9.
Completed step 10.
Agent did not indicate task is done. Reached max number of steps.
Task Failed ❌;  What incomplete tasks do I have still have to do by October 26 in Tasks app? Answer with the titles only. If there are multiples titles, format your answer in a comma separated list.


                               task_num  num_complete_trials  mean_success_rate  mean_episode_length  total_runtime_s  num_fail_trials
task                                                                                                                                  
CameraTakePhoto                       0                 3.00                0.0                 10.0            267.0              0.0
ClockStopWatchPausedVerify            1                 3.00                0.0                 10.0            261.3              0.0
SimpleCalendarAnyEventsOnDate         2                 3.00                0.0                 10.0            267.4              0.0
SimpleSmsSendReceivedAddress          3                 0.00                NaN                  NaN             51.8              3.0
SystemBluetoothTurnOff                4                 3.00                0.0                 10.0            261.8              0.0
TasksIncompleteTasksOnDate            5                 2.00                0.0                 10.0            175.3              0.0
========= Average =========           0                 2.33                0.0                 10.0            214.1              0.5


                      mean_success_rate
difficulty                         easy
tags                                   
information_retrieval               0.0
parameterized                       0.0
screen_reading                      0.0
untagged                            0.0
verification                        0.0
Running task TasksIncompleteTasksOnDate with goal "What incomplete tasks do I have still have to do by October 26 in Tasks app? Answer with the titles only. If there are multiples titles, format your answer in a comma separated list."
Completed step 1.
Completed step 2.
Completed step 3.
Completed step 4.
Completed step 5.
Completed step 6.
Completed step 7.
Completed step 8.
Completed step 9.
Completed step 10.
Agent did not indicate task is done. Reached max number of steps.
Task Failed ❌;  What incomplete tasks do I have still have to do by October 26 in Tasks app? Answer with the titles only. If there are multiples titles, format your answer in a comma separated list.


                               task_num  num_complete_trials  mean_success_rate  mean_episode_length  total_runtime_s  num_fail_trials
task                                                                                                                                  
CameraTakePhoto                       0                  3.0                0.0                 10.0           267.00              0.0
ClockStopWatchPausedVerify            1                  3.0                0.0                 10.0           261.30              0.0
SimpleCalendarAnyEventsOnDate         2                  3.0                0.0                 10.0           267.40              0.0
SimpleSmsSendReceivedAddress          3                  0.0                NaN                  NaN            51.80              3.0
SystemBluetoothTurnOff                4                  3.0                0.0                 10.0           261.80              0.0
TasksIncompleteTasksOnDate            5                  3.0                0.0                 10.0           258.60              0.0
========= Average =========           0                  2.5                0.0                 10.0           227.98              0.5


                      mean_success_rate
difficulty                         easy
tags                                   
information_retrieval               0.0
parameterized                       0.0
screen_reading                      0.0
untagged                            0.0
verification                        0.0

Running task: TurnOnWifiAndOpenApp
==================================
Running task TurnOnWifiAndOpenApp with goal "Turn on Wifi, then open the camera app"
Completed step 1.
Completed step 2.
Completed step 3.
Completed step 4.
Completed step 5.
Completed step 6.
Completed step 7.
Completed step 8.
Completed step 9.
Completed step 10.
Completed step 11.
Completed step 12.
Completed step 13.
Completed step 14.
Completed step 15.
Completed step 16.
Completed step 17.
Completed step 18.
Completed step 19.
Completed step 20.
Agent did not indicate task is done. Reached max number of steps.
Task Failed ❌;  Turn on Wifi, then open the camera app


                               task_num  num_complete_trials  mean_success_rate  mean_episode_length  total_runtime_s  num_fail_trials
task                                                                                                                                  
CameraTakePhoto                       0                 3.00                0.0                10.00           267.00             0.00
ClockStopWatchPausedVerify            1                 3.00                0.0                10.00           261.30             0.00
SimpleCalendarAnyEventsOnDate         2                 3.00                0.0                10.00           267.40             0.00
SimpleSmsSendReceivedAddress          3                 0.00                NaN                  NaN            51.80             3.00
SystemBluetoothTurnOff                4                 3.00                0.0                10.00           261.80             0.00
TasksIncompleteTasksOnDate            5                 3.00                0.0                10.00           258.60             0.00
TurnOnWifiAndOpenApp                  6                 1.00                0.0                20.00           180.10             0.00
========= Average =========           0                 2.29                0.0                11.67           221.14             0.43
W0603 23:52:19.153479 139759816884224 android_world_controller.py:98] Could not get a11y tree, retrying.


                      mean_success_rate
difficulty                         easy
tags                                   
information_retrieval               0.0
parameterized                       0.0
screen_reading                      0.0
untagged                            0.0
verification                        0.0
Running task TurnOnWifiAndOpenApp with goal "Turn on Wifi, then open the camera app"
Completed step 1.
Completed step 2.
Completed step 3.
Completed step 4.
Completed step 5.
Completed step 6.
Completed step 7.
Completed step 8.
Completed step 9.
Completed step 10.
Completed step 11.
Completed step 12.
Completed step 13.
Completed step 14.
Completed step 15.
Completed step 16.
Completed step 17.
Completed step 18.
Completed step 19.
Completed step 20.
Agent did not indicate task is done. Reached max number of steps.
Task Failed ❌;  Turn on Wifi, then open the camera app


                               task_num  num_complete_trials  mean_success_rate  mean_episode_length  total_runtime_s  num_fail_trials
task                                                                                                                                  
CameraTakePhoto                       0                 3.00                0.0                10.00           267.00             0.00
ClockStopWatchPausedVerify            1                 3.00                0.0                10.00           261.30             0.00
SimpleCalendarAnyEventsOnDate         2                 3.00                0.0                10.00           267.40             0.00
SimpleSmsSendReceivedAddress          3                 0.00                NaN                  NaN            51.80             3.00
SystemBluetoothTurnOff                4                 3.00                0.0                10.00           261.80             0.00
TasksIncompleteTasksOnDate            5                 3.00                0.0                10.00           258.60             0.00
TurnOnWifiAndOpenApp                  6                 2.00                0.0                20.00           348.10             0.00
========= Average =========           0                 2.43                0.0                11.67           245.14             0.43


                      mean_success_rate
difficulty                         easy
tags                                   
information_retrieval               0.0
parameterized                       0.0
screen_reading                      0.0
untagged                            0.0
verification                        0.0
Running task TurnOnWifiAndOpenApp with goal "Turn on Wifi, then open the camera app"
Completed step 1.
Completed step 2.
Completed step 3.
Completed step 4.
Completed step 5.
Completed step 6.
Completed step 7.
Completed step 8.
Completed step 9.
Completed step 10.
Completed step 11.
Completed step 12.
Completed step 13.
Completed step 14.
Completed step 15.
Completed step 16.
Completed step 17.
Completed step 18.
Completed step 19.
Completed step 20.
Agent did not indicate task is done. Reached max number of steps.
Task Failed ❌;  Turn on Wifi, then open the camera app


                               task_num  num_complete_trials  mean_success_rate  mean_episode_length  total_runtime_s  num_fail_trials
task                                                                                                                                  
CameraTakePhoto                       0                 3.00                0.0                10.00           267.00             0.00
ClockStopWatchPausedVerify            1                 3.00                0.0                10.00           261.30             0.00
SimpleCalendarAnyEventsOnDate         2                 3.00                0.0                10.00           267.40             0.00
SimpleSmsSendReceivedAddress          3                 0.00                NaN                  NaN            51.80             3.00
SystemBluetoothTurnOff                4                 3.00                0.0                10.00           261.80             0.00
TasksIncompleteTasksOnDate            5                 3.00                0.0                10.00           258.60             0.00
TurnOnWifiAndOpenApp                  6                 3.00                0.0                20.00           497.10             0.00
========= Average =========           0                 2.57                0.0                11.67           266.43             0.43


                      mean_success_rate
difficulty                         easy
tags                                   
information_retrieval               0.0
parameterized                       0.0
screen_reading                      0.0
untagged                            0.0
verification                        0.0

Finished AndroidWorld eval. Wrote to /data2/androidworld_eval/runs/current_general_focus_multicombo_20260603_232318/current_general_focus_expanded_shard2/run_20260603T232337094059
