W0603 23:25:20.517107 139859874111488 android_world_controller.py:98] Could not get a11y tree, retrying.
W0603 23:28:35.702458 139859874111488 android_world_controller.py:98] Could not get a11y tree, retrying.
W0603 23:31:33.224874 139859874111488 android_world_controller.py:98] Could not get a11y tree, retrying.
W0603 23:34:34.194367 139859874111488 android_world_controller.py:98] Could not get a11y tree, retrying.
Starting AndroidWorld eval with guiowl_dvlm -> /data2/androidworld_eval/runs/current_general_focus_multicombo_20260603_232318/current_general_focus_expanded_shard1/run_20260603T232337022920
Running task: ClockStopWatchRunning
===================================
Running task ClockStopWatchRunning with goal "Run the stopwatch."
Completed step 1.
Completed step 2.
Completed step 3.
Completed step 4.
Completed step 5.
Completed step 6.
Completed step 7.
Completed step 8.
Completed step 9.
Completed step 10.
Agent did not indicate task is done. Reached max number of steps.
Task Failed ❌;  Run the stopwatch.


                             task_num  num_complete_trials  mean_success_rate  mean_episode_length  total_runtime_s  num_fail_trials
task                                                                                                                                
ClockStopWatchRunning               0                  1.0                0.0                 10.0            103.0              0.0
========= Average =========         0                  1.0                0.0                 10.0            103.0              0.0


           mean_success_rate
difficulty              easy
tags                        
untagged                 0.0
Running task ClockStopWatchRunning with goal "Run the stopwatch."
Completed step 1.
Completed step 2.
Completed step 3.
Completed step 4.
Completed step 5.
Completed step 6.
Completed step 7.
Completed step 8.
Completed step 9.
Completed step 10.
Agent did not indicate task is done. Reached max number of steps.
Task Failed ❌;  Run the stopwatch.


                             task_num  num_complete_trials  mean_success_rate  mean_episode_length  total_runtime_s  num_fail_trials
task                                                                                                                                
ClockStopWatchRunning               0                  2.0                0.0                 10.0            190.1              0.0
========= Average =========         0                  2.0                0.0                 10.0            190.1              0.0


           mean_success_rate
difficulty              easy
tags                        
untagged                 0.0
Running task ClockStopWatchRunning with goal "Run the stopwatch."
Completed step 1.
Completed step 2.
Completed step 3.
Completed step 4.
Completed step 5.
Completed step 6.
Completed step 7.
Completed step 8.
Completed step 9.
Completed step 10.
Agent did not indicate task is done. Reached max number of steps.
Task Failed ❌;  Run the stopwatch.


                             task_num  num_complete_trials  mean_success_rate  mean_episode_length  total_runtime_s  num_fail_trials
task                                                                                                                                
ClockStopWatchRunning               0                  3.0                0.0                 10.0            296.5              0.0
========= Average =========         0                  3.0                0.0                 10.0            296.5              0.0


           mean_success_rate
difficulty              easy
tags                        
untagged                 0.0

Running task: FilesMoveFile
===========================
Running task FilesMoveFile with goal "Move the file mystery_feature.mp4 from Documents within the sdk_gphone_x86_64 storage area to the Movies within the same sdk_gphone_x86_64 storage area in the Android filesystem."
Completed step 1.
Completed step 2.
Completed step 3.
Completed step 4.
Completed step 5.
Completed step 6.
Completed step 7.
Completed step 8.
Completed step 9.
Completed step 10.
Completed step 11.
Completed step 12.
Completed step 13.
Completed step 14.
Completed step 15.
Completed step 16.
Completed step 17.
Completed step 18.
Completed step 19.
Completed step 20.
Agent did not indicate task is done. Reached max number of steps.
Task Failed ❌;  Move the file mystery_feature.mp4 from Documents within the sdk_gphone_x86_64 storage area to the Movies within the same sdk_gphone_x86_64 storage area in the Android filesystem.


                             task_num  num_complete_trials  mean_success_rate  mean_episode_length  total_runtime_s  num_fail_trials
task                                                                                                                                
ClockStopWatchRunning               0                  3.0                0.0                 10.0            296.5              0.0
FilesMoveFile                       1                  1.0                0.0                 20.0            176.7              0.0
========= Average =========         0                  2.0                0.0                 15.0            236.6              0.0


               mean_success_rate       
difficulty                  easy medium
tags                                   
parameterized                  -    0.0
screen_reading                 -    0.0
search                         -    0.0
untagged                     0.0      -
Running task FilesMoveFile with goal "Move the file mystery_feature.mp4 from Documents within the sdk_gphone_x86_64 storage area to the Movies within the same sdk_gphone_x86_64 storage area in the Android filesystem."
Completed step 1.
Completed step 2.
Completed step 3.
Completed step 4.
Completed step 5.
Completed step 6.
Completed step 7.
Completed step 8.
Completed step 9.
Completed step 10.
Completed step 11.
Completed step 12.
Completed step 13.
Completed step 14.
Completed step 15.
Completed step 16.
Completed step 17.
Completed step 18.
Completed step 19.
Completed step 20.
Agent did not indicate task is done. Reached max number of steps.
Task Failed ❌;  Move the file mystery_feature.mp4 from Documents within the sdk_gphone_x86_64 storage area to the Movies within the same sdk_gphone_x86_64 storage area in the Android filesystem.


                             task_num  num_complete_trials  mean_success_rate  mean_episode_length  total_runtime_s  num_fail_trials
task                                                                                                                                
ClockStopWatchRunning               0                  3.0                0.0                 10.0           296.50              0.0
FilesMoveFile                       1                  2.0                0.0                 20.0           356.60              0.0
========= Average =========         0                  2.5                0.0                 15.0           326.55              0.0


               mean_success_rate       
difficulty                  easy medium
tags                                   
parameterized                  -    0.0
screen_reading                 -    0.0
search                         -    0.0
untagged                     0.0      -
Running task FilesMoveFile with goal "Move the file mystery_feature.mp4 from Documents within the sdk_gphone_x86_64 storage area to the Movies within the same sdk_gphone_x86_64 storage area in the Android filesystem."
Completed step 1.
Completed step 2.
Completed step 3.
Completed step 4.
Completed step 5.
Completed step 6.
Completed step 7.
Completed step 8.
Completed step 9.
Completed step 10.
Completed step 11.
Completed step 12.
Completed step 13.
Completed step 14.
Completed step 15.
Completed step 16.
Completed step 17.
Completed step 18.
Completed step 19.
Completed step 20.
Agent did not indicate task is done. Reached max number of steps.
Task Failed ❌;  Move the file mystery_feature.mp4 from Documents within the sdk_gphone_x86_64 storage area to the Movies within the same sdk_gphone_x86_64 storage area in the Android filesystem.
W0603 23:37:36.951432 139859874111488 android_world_controller.py:98] Could not get a11y tree, retrying.
W0603 23:39:26.047125 139859874111488 android_world_controller.py:98] Could not get a11y tree, retrying.
W0603 23:41:11.195900 139859874111488 android_world_controller.py:98] Could not get a11y tree, retrying.
W0603 23:43:10.249225 139859874111488 android_world_controller.py:98] Could not get a11y tree, retrying.


                             task_num  num_complete_trials  mean_success_rate  mean_episode_length  total_runtime_s  num_fail_trials
task                                                                                                                                
ClockStopWatchRunning               0                  3.0                0.0                 10.0           296.50              0.0
FilesMoveFile                       1                  3.0                0.0                 20.0           538.80              0.0
========= Average =========         0                  3.0                0.0                 15.0           417.65              0.0


               mean_success_rate       
difficulty                  easy medium
tags                                   
parameterized                  -    0.0
screen_reading                 -    0.0
search                         -    0.0
untagged                     0.0      -

Running task: SimpleCalendarDeleteEventsOnRelativeDay
=====================================================
Running task SimpleCalendarDeleteEventsOnRelativeDay with goal "In Simple Calendar Pro, delete all events scheduled for this Thursday."
Completed step 1.
Completed step 2.
Completed step 3.
Completed step 4.
Completed step 5.
Completed step 6.
Completed step 7.
Completed step 8.
Completed step 9.
Completed step 10.
Completed step 11.
Completed step 12.
Agent did not indicate task is done. Reached max number of steps.
Task Failed ❌;  In Simple Calendar Pro, delete all events scheduled for this Thursday.


                                         task_num  num_complete_trials  mean_success_rate  mean_episode_length  total_runtime_s  num_fail_trials
task                                                                                                                                            
ClockStopWatchRunning                           0                 3.00                0.0                 10.0            296.5              0.0
FilesMoveFile                                   1                 3.00                0.0                 20.0            538.8              0.0
SimpleCalendarDeleteEventsOnRelativeDay         2                 1.00                0.0                 12.0            108.5              0.0
========= Average =========                     0                 2.33                0.0                 14.0            314.6              0.0


               mean_success_rate       
difficulty                  easy medium
tags                                   
data_edit                      -    0.0
parameterized                  -    0.0
screen_reading                 -    0.0
search                         -    0.0
untagged                     0.0      -
Running task SimpleCalendarDeleteEventsOnRelativeDay with goal "In Simple Calendar Pro, delete all events scheduled for this Thursday."
Completed step 1.
Completed step 2.
Completed step 3.
Completed step 4.
Completed step 5.
Completed step 6.
Completed step 7.
Completed step 8.
Completed step 9.
Completed step 10.
Completed step 11.
Completed step 12.
Agent did not indicate task is done. Reached max number of steps.
Task Failed ❌;  In Simple Calendar Pro, delete all events scheduled for this Thursday.


                                         task_num  num_complete_trials  mean_success_rate  mean_episode_length  total_runtime_s  num_fail_trials
task                                                                                                                                            
ClockStopWatchRunning                           0                 3.00                0.0                 10.0           296.50              0.0
FilesMoveFile                                   1                 3.00                0.0                 20.0           538.80              0.0
SimpleCalendarDeleteEventsOnRelativeDay         2                 2.00                0.0                 12.0           213.60              0.0
========= Average =========                     0                 2.67                0.0                 14.0           349.63              0.0


               mean_success_rate       
difficulty                  easy medium
tags                                   
data_edit                      -    0.0
parameterized                  -    0.0
screen_reading                 -    0.0
search                         -    0.0
untagged                     0.0      -
Running task SimpleCalendarDeleteEventsOnRelativeDay with goal "In Simple Calendar Pro, delete all events scheduled for this Thursday."
Completed step 1.
Completed step 2.
Completed step 3.
Completed step 4.
Completed step 5.
Completed step 6.
Completed step 7.
Completed step 8.
Completed step 9.
Completed step 10.
Completed step 11.
Completed step 12.
Agent did not indicate task is done. Reached max number of steps.
Task Failed ❌;  In Simple Calendar Pro, delete all events scheduled for this Thursday.


                                         task_num  num_complete_trials  mean_success_rate  mean_episode_length  total_runtime_s  num_fail_trials
task                                                                                                                                            
ClockStopWatchRunning                           0                  3.0                0.0                 10.0            296.5              0.0
FilesMoveFile                                   1                  3.0                0.0                 20.0            538.8              0.0
SimpleCalendarDeleteEventsOnRelativeDay         2                  3.0                0.0                 12.0            326.3              0.0
========= Average =========                     0                  3.0                0.0                 14.0            387.2              0.0


               mean_success_rate       
difficulty                  easy medium
tags                                   
data_edit                      -    0.0
parameterized                  -    0.0
screen_reading                 -    0.0
search                         -    0.0
untagged                     0.0      -

Running task: SimpleSmsSendClipboardContent
===========================================
Running task SimpleSmsSendClipboardContent with goal "Send a message to +14468147995 with the clipboard content in Simple SMS Messenger"
Completed step 1.
Completed step 2.
Completed step 3.
Completed step 4.
Completed step 5.
Completed step 6.
Completed step 7.
Completed step 8.
Completed step 9.
Completed step 10.
Completed step 11.
Completed step 12.
Agent did not indicate task is done. Reached max number of steps.
Task Failed ❌;  Send a message to +14468147995 with the clipboard content in Simple SMS Messenger


                                         task_num  num_complete_trials  mean_success_rate  mean_episode_length  total_runtime_s  num_fail_trials
task                                                                                                                                            
ClockStopWatchRunning                           0                  3.0                0.0                 10.0           296.50              0.0
FilesMoveFile                                   1                  3.0                0.0                 20.0           538.80              0.0
SimpleCalendarDeleteEventsOnRelativeDay         2                  3.0                0.0                 12.0           326.30              0.0
SimpleSmsSendClipboardContent                   3                  1.0                0.0                 12.0            96.90              0.0
========= Average =========                     0                  2.5                0.0                 13.5           314.62              0.0


               mean_success_rate       
difficulty                  easy medium
tags                                   
data_edit                      -    0.0
data_entry                   0.0      -
parameterized                0.0    0.0
screen_reading                 -    0.0
search                         -    0.0
untagged                     0.0      -
W0603 23:44:47.252001 139859874111488 android_world_controller.py:98] Could not get a11y tree, retrying.
W0603 23:46:35.964990 139859874111488 android_world_controller.py:98] Could not get a11y tree, retrying.
W0603 23:48:25.174056 139859874111488 android_world_controller.py:98] Could not get a11y tree, retrying.
W0603 23:50:03.355561 139859874111488 android_world_controller.py:98] Could not get a11y tree, retrying.
W0603 23:51:25.797500 139859874111488 android_world_controller.py:98] Could not get a11y tree, retrying.
Running task SimpleSmsSendClipboardContent with goal "Send a message to +14468147995 with the clipboard content in Simple SMS Messenger"
Completed step 1.
Completed step 2.
Completed step 3.
Completed step 4.
Completed step 5.
Completed step 6.
Completed step 7.
Completed step 8.
Completed step 9.
Completed step 10.
Completed step 11.
Completed step 12.
Agent did not indicate task is done. Reached max number of steps.
Task Failed ❌;  Send a message to +14468147995 with the clipboard content in Simple SMS Messenger


                                         task_num  num_complete_trials  mean_success_rate  mean_episode_length  total_runtime_s  num_fail_trials
task                                                                                                                                            
ClockStopWatchRunning                           0                 3.00                0.0                 10.0           296.50              0.0
FilesMoveFile                                   1                 3.00                0.0                 20.0           538.80              0.0
SimpleCalendarDeleteEventsOnRelativeDay         2                 3.00                0.0                 12.0           326.30              0.0
SimpleSmsSendClipboardContent                   3                 2.00                0.0                 12.0           205.40              0.0
========= Average =========                     0                 2.75                0.0                 13.5           341.75              0.0


               mean_success_rate       
difficulty                  easy medium
tags                                   
data_edit                      -    0.0
data_entry                   0.0      -
parameterized                0.0    0.0
screen_reading                 -    0.0
search                         -    0.0
untagged                     0.0      -
Running task SimpleSmsSendClipboardContent with goal "Send a message to +14468147995 with the clipboard content in Simple SMS Messenger"
Completed step 1.
Completed step 2.
Completed step 3.
Completed step 4.
Completed step 5.
Completed step 6.
Completed step 7.
Completed step 8.
Completed step 9.
Completed step 10.
Completed step 11.
Completed step 12.
Agent did not indicate task is done. Reached max number of steps.
Task Failed ❌;  Send a message to +14468147995 with the clipboard content in Simple SMS Messenger


                                         task_num  num_complete_trials  mean_success_rate  mean_episode_length  total_runtime_s  num_fail_trials
task                                                                                                                                            
ClockStopWatchRunning                           0                  3.0                0.0                 10.0           296.50              0.0
FilesMoveFile                                   1                  3.0                0.0                 20.0           538.80              0.0
SimpleCalendarDeleteEventsOnRelativeDay         2                  3.0                0.0                 12.0           326.30              0.0
SimpleSmsSendClipboardContent                   3                  3.0                0.0                 12.0           321.10              0.0
========= Average =========                     0                  3.0                0.0                 13.5           370.67              0.0


               mean_success_rate       
difficulty                  easy medium
tags                                   
data_edit                      -    0.0
data_entry                   0.0      -
parameterized                0.0    0.0
screen_reading                 -    0.0
search                         -    0.0
untagged                     0.0      -

Running task: SystemBluetoothTurnOnVerify
=========================================
Running task SystemBluetoothTurnOnVerify with goal "Turn bluetooth on."
Completed step 1.
Completed step 2.
Completed step 3.
Completed step 4.
Completed step 5.
Completed step 6.
Completed step 7.
Completed step 8.
Completed step 9.
Completed step 10.
Agent did not indicate task is done. Reached max number of steps.
Task Failed ❌;  Turn bluetooth on.


                                         task_num  num_complete_trials  mean_success_rate  mean_episode_length  total_runtime_s  num_fail_trials
task                                                                                                                                            
ClockStopWatchRunning                           0                  3.0                0.0                 10.0           296.50              0.0
FilesMoveFile                                   1                  3.0                0.0                 20.0           538.80              0.0
SimpleCalendarDeleteEventsOnRelativeDay         2                  3.0                0.0                 12.0           326.30              0.0
SimpleSmsSendClipboardContent                   3                  3.0                0.0                 12.0           321.10              0.0
SystemBluetoothTurnOnVerify                     4                  1.0                0.0                 10.0            98.10              0.0
========= Average =========                     0                  2.6                0.0                 12.8           316.16              0.0


               mean_success_rate       
difficulty                  easy medium
tags                                   
data_edit                      -    0.0
data_entry                   0.0      -
parameterized                0.0    0.0
screen_reading                 -    0.0
search                         -    0.0
untagged                     0.0      -
verification                 0.0      -
Running task SystemBluetoothTurnOnVerify with goal "Turn bluetooth on."
Completed step 1.
Completed step 2.
Completed step 3.
Completed step 4.
Completed step 5.
Completed step 6.
Completed step 7.
Completed step 8.
Completed step 9.
Completed step 10.
Agent did not indicate task is done. Reached max number of steps.
Task Failed ❌;  Turn bluetooth on.


                                         task_num  num_complete_trials  mean_success_rate  mean_episode_length  total_runtime_s  num_fail_trials
task                                                                                                                                            
ClockStopWatchRunning                           0                  3.0                0.0                 10.0           296.50              0.0
FilesMoveFile                                   1                  3.0                0.0                 20.0           538.80              0.0
SimpleCalendarDeleteEventsOnRelativeDay         2                  3.0                0.0                 12.0           326.30              0.0
SimpleSmsSendClipboardContent                   3                  3.0                0.0                 12.0           321.10              0.0
SystemBluetoothTurnOnVerify                     4                  2.0                0.0                 10.0           180.40              0.0
========= Average =========                     0                  2.8                0.0                 12.8           332.62              0.0


               mean_success_rate       
difficulty                  easy medium
tags                                   
data_edit                      -    0.0
data_entry                   0.0      -
parameterized                0.0    0.0
screen_reading                 -    0.0
search                         -    0.0
untagged                     0.0      -
verification                 0.0      -
Running task SystemBluetoothTurnOnVerify with goal "Turn bluetooth on."
Completed step 1.
Completed step 2.
Completed step 3.
Completed step 4.
Completed step 5.
Completed step 6.
Completed step 7.
Completed step 8.
Completed step 9.
Completed step 10.
Agent did not indicate task is done. Reached max number of steps.
Task Failed ❌;  Turn bluetooth on.
W0603 23:52:41.724040 139859874111488 android_world_controller.py:98] Could not get a11y tree, retrying.
W0603 23:54:07.352777 139859874111488 android_world_controller.py:98] Could not get a11y tree, retrying.


                                         task_num  num_complete_trials  mean_success_rate  mean_episode_length  total_runtime_s  num_fail_trials
task                                                                                                                                            
ClockStopWatchRunning                           0                  3.0                0.0                 10.0            296.5              0.0
FilesMoveFile                                   1                  3.0                0.0                 20.0            538.8              0.0
SimpleCalendarDeleteEventsOnRelativeDay         2                  3.0                0.0                 12.0            326.3              0.0
SimpleSmsSendClipboardContent                   3                  3.0                0.0                 12.0            321.1              0.0
SystemBluetoothTurnOnVerify                     4                  3.0                0.0                 10.0            255.8              0.0
========= Average =========                     0                  3.0                0.0                 12.8            347.7              0.0


               mean_success_rate       
difficulty                  easy medium
tags                                   
data_edit                      -    0.0
data_entry                   0.0      -
parameterized                0.0    0.0
screen_reading                 -    0.0
search                         -    0.0
untagged                     0.0      -
verification                 0.0      -

Running task: TasksCompletedTasksForDate
========================================
Running task TasksCompletedTasksForDate with goal "Which tasks have I completed for October 15 in Tasks app? Answer with the titles only. If there are multiples titles, format your answer in a comma separated list."
Completed step 1.
Completed step 2.
Completed step 3.
Completed step 4.
Completed step 5.
Completed step 6.
Completed step 7.
Completed step 8.
Completed step 9.
Completed step 10.
Agent did not indicate task is done. Reached max number of steps.
Task Failed ❌;  Which tasks have I completed for October 15 in Tasks app? Answer with the titles only. If there are multiples titles, format your answer in a comma separated list.


                                         task_num  num_complete_trials  mean_success_rate  mean_episode_length  total_runtime_s  num_fail_trials
task                                                                                                                                            
ClockStopWatchRunning                           0                 3.00                0.0                10.00           296.50              0.0
FilesMoveFile                                   1                 3.00                0.0                20.00           538.80              0.0
SimpleCalendarDeleteEventsOnRelativeDay         2                 3.00                0.0                12.00           326.30              0.0
SimpleSmsSendClipboardContent                   3                 3.00                0.0                12.00           321.10              0.0
SystemBluetoothTurnOnVerify                     4                 3.00                0.0                10.00           255.80              0.0
TasksCompletedTasksForDate                      5                 1.00                0.0                10.00            85.00              0.0
========= Average =========                     0                 2.67                0.0                12.33           303.92              0.0


                      mean_success_rate       
difficulty                         easy medium
tags                                          
data_edit                             -    0.0
data_entry                          0.0      -
information_retrieval                 -    0.0
parameterized                       0.0    0.0
screen_reading                        -    0.0
search                                -    0.0
untagged                            0.0      -
verification                        0.0      -
Running task TasksCompletedTasksForDate with goal "Which tasks have I completed for October 15 in Tasks app? Answer with the titles only. If there are multiples titles, format your answer in a comma separated list."
Completed step 1.
Completed step 2.
Completed step 3.
Completed step 4.
Completed step 5.
Completed step 6.
Completed step 7.
Completed step 8.
Completed step 9.
Completed step 10.
Agent did not indicate task is done. Reached max number of steps.
Task Failed ❌;  Which tasks have I completed for October 15 in Tasks app? Answer with the titles only. If there are multiples titles, format your answer in a comma separated list.


                                         task_num  num_complete_trials  mean_success_rate  mean_episode_length  total_runtime_s  num_fail_trials
task                                                                                                                                            
ClockStopWatchRunning                           0                 3.00                0.0                10.00            296.5              0.0
FilesMoveFile                                   1                 3.00                0.0                20.00            538.8              0.0
SimpleCalendarDeleteEventsOnRelativeDay         2                 3.00                0.0                12.00            326.3              0.0
SimpleSmsSendClipboardContent                   3                 3.00                0.0                12.00            321.1              0.0
SystemBluetoothTurnOnVerify                     4                 3.00                0.0                10.00            255.8              0.0
TasksCompletedTasksForDate                      5                 2.00                0.0                10.00            163.5              0.0
========= Average =========                     0                 2.83                0.0                12.33            317.0              0.0


                      mean_success_rate       
difficulty                         easy medium
tags                                          
data_edit                             -    0.0
data_entry                          0.0      -
information_retrieval                 -    0.0
parameterized                       0.0    0.0
screen_reading                        -    0.0
search                                -    0.0
untagged                            0.0      -
verification                        0.0      -
Running task TasksCompletedTasksForDate with goal "Which tasks have I completed for October 15 in Tasks app? Answer with the titles only. If there are multiples titles, format your answer in a comma separated list."
Completed step 1.
Completed step 2.
Completed step 3.
Completed step 4.
Completed step 5.
Completed step 6.
Completed step 7.
Completed step 8.
Completed step 9.
Completed step 10.
Agent did not indicate task is done. Reached max number of steps.
Task Failed ❌;  Which tasks have I completed for October 15 in Tasks app? Answer with the titles only. If there are multiples titles, format your answer in a comma separated list.
W0603 23:56:36.490142 139859874111488 android_world_controller.py:98] Could not get a11y tree, retrying.
W0603 23:58:57.067042 139859874111488 android_world_controller.py:98] Could not get a11y tree, retrying.


                                         task_num  num_complete_trials  mean_success_rate  mean_episode_length  total_runtime_s  num_fail_trials
task                                                                                                                                            
ClockStopWatchRunning                           0                  3.0                0.0                10.00            296.5              0.0
FilesMoveFile                                   1                  3.0                0.0                20.00            538.8              0.0
SimpleCalendarDeleteEventsOnRelativeDay         2                  3.0                0.0                12.00            326.3              0.0
SimpleSmsSendClipboardContent                   3                  3.0                0.0                12.00            321.1              0.0
SystemBluetoothTurnOnVerify                     4                  3.0                0.0                10.00            255.8              0.0
TasksCompletedTasksForDate                      5                  3.0                0.0                10.00            233.7              0.0
========= Average =========                     0                  3.0                0.0                12.33            328.7              0.0


                      mean_success_rate       
difficulty                         easy medium
tags                                          
data_edit                             -    0.0
data_entry                          0.0      -
information_retrieval                 -    0.0
parameterized                       0.0    0.0
screen_reading                        -    0.0
search                                -    0.0
untagged                            0.0      -
verification                        0.0      -

Running task: TurnOffWifiAndTurnOnBluetooth
===========================================
Running task TurnOffWifiAndTurnOnBluetooth with goal "Turn off WiFi, then enable bluetooth"
Completed step 1.
Completed step 2.
Completed step 3.
Completed step 4.
Completed step 5.
Completed step 6.
Completed step 7.
Completed step 8.
Completed step 9.
Completed step 10.
Completed step 11.
Completed step 12.
Completed step 13.
Completed step 14.
Completed step 15.
Completed step 16.
Completed step 17.
Completed step 18.
Completed step 19.
Completed step 20.
Agent did not indicate task is done. Reached max number of steps.
Task Failed ❌;  Turn off WiFi, then enable bluetooth


                                         task_num  num_complete_trials  mean_success_rate  mean_episode_length  total_runtime_s  num_fail_trials
task                                                                                                                                            
ClockStopWatchRunning                           0                 3.00                0.0                10.00            296.5              0.0
FilesMoveFile                                   1                 3.00                0.0                20.00            538.8              0.0
SimpleCalendarDeleteEventsOnRelativeDay         2                 3.00                0.0                12.00            326.3              0.0
SimpleSmsSendClipboardContent                   3                 3.00                0.0                12.00            321.1              0.0
SystemBluetoothTurnOnVerify                     4                 3.00                0.0                10.00            255.8              0.0
TasksCompletedTasksForDate                      5                 3.00                0.0                10.00            233.7              0.0
TurnOffWifiAndTurnOnBluetooth                   6                 1.00                0.0                20.00            140.4              0.0
========= Average =========                     0                 2.71                0.0                13.43            301.8              0.0


                      mean_success_rate       
difficulty                         easy medium
tags                                          
data_edit                             -    0.0
data_entry                          0.0      -
information_retrieval                 -    0.0
parameterized                       0.0    0.0
screen_reading                        -    0.0
search                                -    0.0
untagged                            0.0    0.0
verification                        0.0      -
Running task TurnOffWifiAndTurnOnBluetooth with goal "Turn off WiFi, then enable bluetooth"
Completed step 1.
Completed step 2.
Completed step 3.
Completed step 4.
Completed step 5.
Completed step 6.
Completed step 7.
Completed step 8.
Completed step 9.
Completed step 10.
Completed step 11.
Completed step 12.
Completed step 13.
Completed step 14.
Completed step 15.
Completed step 16.
Completed step 17.
Completed step 18.
Completed step 19.
Completed step 20.
Agent did not indicate task is done. Reached max number of steps.
Task Failed ❌;  Turn off WiFi, then enable bluetooth


                                         task_num  num_complete_trials  mean_success_rate  mean_episode_length  total_runtime_s  num_fail_trials
task                                                                                                                                            
ClockStopWatchRunning                           0                 3.00                0.0                10.00           296.50              0.0
FilesMoveFile                                   1                 3.00                0.0                20.00           538.80              0.0
SimpleCalendarDeleteEventsOnRelativeDay         2                 3.00                0.0                12.00           326.30              0.0
SimpleSmsSendClipboardContent                   3                 3.00                0.0                12.00           321.10              0.0
SystemBluetoothTurnOnVerify                     4                 3.00                0.0                10.00           255.80              0.0
TasksCompletedTasksForDate                      5                 3.00                0.0                10.00           233.70              0.0
TurnOffWifiAndTurnOnBluetooth                   6                 2.00                0.0                20.00           237.80              0.0
========= Average =========                     0                 2.86                0.0                13.43           315.71              0.0


                      mean_success_rate       
difficulty                         easy medium
tags                                          
data_edit                             -    0.0
data_entry                          0.0      -
information_retrieval                 -    0.0
parameterized                       0.0    0.0
screen_reading                        -    0.0
search                                -    0.0
untagged                            0.0    0.0
verification                        0.0      -
Running task TurnOffWifiAndTurnOnBluetooth with goal "Turn off WiFi, then enable bluetooth"
Completed step 1.
Completed step 2.
Completed step 3.
Completed step 4.
Completed step 5.
Completed step 6.
Completed step 7.
Completed step 8.
Completed step 9.
Completed step 10.
Completed step 11.
Completed step 12.
Completed step 13.
Completed step 14.
Completed step 15.
Completed step 16.
Completed step 17.
Completed step 18.
Completed step 19.
Completed step 20.
Agent did not indicate task is done. Reached max number of steps.
Task Failed ❌;  Turn off WiFi, then enable bluetooth


                                         task_num  num_complete_trials  mean_success_rate  mean_episode_length  total_runtime_s  num_fail_trials
task                                                                                                                                            
ClockStopWatchRunning                           0                  3.0                0.0                10.00           296.50              0.0
FilesMoveFile                                   1                  3.0                0.0                20.00           538.80              0.0
SimpleCalendarDeleteEventsOnRelativeDay         2                  3.0                0.0                12.00           326.30              0.0
SimpleSmsSendClipboardContent                   3                  3.0                0.0                12.00           321.10              0.0
SystemBluetoothTurnOnVerify                     4                  3.0                0.0                10.00           255.80              0.0
TasksCompletedTasksForDate                      5                  3.0                0.0                10.00           233.70              0.0
TurnOffWifiAndTurnOnBluetooth                   6                  3.0                0.0                20.00           327.80              0.0
========= Average =========                     0                  3.0                0.0                13.43           328.57              0.0


                      mean_success_rate       
difficulty                         easy medium
tags                                          
data_edit                             -    0.0
data_entry                          0.0      -
information_retrieval                 -    0.0
parameterized                       0.0    0.0
screen_reading                        -    0.0
search                                -    0.0
untagged                            0.0    0.0
verification                        0.0      -

Finished AndroidWorld eval. Wrote to /data2/androidworld_eval/runs/current_general_focus_multicombo_20260603_232318/current_general_focus_expanded_shard1/run_20260603T232337022920
