W0603 22:39:38.630492 140075082502144 android_world_controller.py:98] Could not get a11y tree, retrying.
Starting AndroidWorld eval with guiowl_dvlm -> /data2/androidworld_eval/runs/mobileagent_norm_smoke_20260603_223919/current_smoke_norm_core_shard0/run_20260603T223937905546
Running task: OpenAppTaskEval
=============================
Running task OpenAppTaskEval with goal "Open the contacts app. Clear any pop-ups that may appear by granting all permissions that are required."
Completed step 1.
Completed step 2.
Completed step 3.
Completed step 4.
Completed step 5.
Completed step 6.
Completed step 7.
Completed step 8.
Completed step 9.
Completed step 10.
Agent did not indicate task is done. Reached max number of steps.
Task Failed ❌;  Open the contacts app. Clear any pop-ups that may appear by granting all permissions that are required.


                             task_num  num_complete_trials  mean_success_rate  mean_episode_length  total_runtime_s  num_fail_trials
task                                                                                                                                
OpenAppTaskEval                     0                  1.0                0.0                 10.0             78.4              0.0
========= Average =========         0                  1.0                0.0                 10.0             78.4              0.0


              mean_success_rate
difficulty                 easy
tags                           
parameterized               0.0

Finished AndroidWorld eval. Wrote to /data2/androidworld_eval/runs/mobileagent_norm_smoke_20260603_223919/current_smoke_norm_core_shard0/run_20260603T223937905546
