W0603 23:02:17.910056 140431300132864 android_world_controller.py:98] Could not get a11y tree, retrying.
W0603 23:03:56.186640 140431300132864 android_world_controller.py:98] Could not get a11y tree, retrying.
W0603 23:08:01.326840 140431300132864 sqlite_validators.py:168] Expected row CalendarEvent(start_ts=1697486400, end_ts=1697488200, title='Call with the Team', location='', description='We will prepare for team roles.', repeat_interval=0, repeat_rule=0, reminder_1_minutes=-1, reminder_2_minutes=-1, reminder_3_minutes=-1, reminder_1_type=0, reminder_2_type=0, reminder_3_type=0, repeat_limit=0, repetition_exceptions='[]', attendees='', import_id='', time_zone='UTC', flags=0, event_type=1, parent_id=0, last_updated=0, source='imported-ics', availability=0, color=0, type=0, id=-1) not found in the 'after' state.
W0603 23:08:01.920196 140431300132864 android_world_controller.py:98] Could not get a11y tree, retrying.
Starting AndroidWorld eval with guiowl_dvlm -> /data2/androidworld_eval/runs/current_general_core_sweep_20260603_230159/current_general_core_shard5/run_20260603T230217209927
Running task: OpenAppTaskEval
=============================
Running task OpenAppTaskEval with goal "Open the contacts app. Clear any pop-ups that may appear by granting all permissions that are required."
Completed step 1.
Completed step 2.
Completed step 3.
Completed step 4.
Completed step 5.
Completed step 6.
Completed step 7.
Completed step 8.
Completed step 9.
Completed step 10.
Agent did not indicate task is done. Reached max number of steps.
Task Failed ❌;  Open the contacts app. Clear any pop-ups that may appear by granting all permissions that are required.


                             task_num  num_complete_trials  mean_success_rate  mean_episode_length  total_runtime_s  num_fail_trials
task                                                                                                                                
OpenAppTaskEval                     0                  1.0                0.0                 10.0             97.8              0.0
========= Average =========         0                  1.0                0.0                 10.0             97.8              0.0


              mean_success_rate
difficulty                 easy
tags                           
parameterized               0.0

Running task: SimpleCalendarAddOneEventTomorrow
===============================================
Running task SimpleCalendarAddOneEventTomorrow with goal "In Simple Calendar Pro, create a calendar event for tomorrow at 20h with the title 'Call with the Team' and the description 'We will prepare for team roles.'. The event should last for 30 mins."
Completed step 1.
Completed step 2.
Completed step 3.
Completed step 4.
Completed step 5.
Completed step 6.
Completed step 7.
Completed step 8.
Completed step 9.
Completed step 10.
Completed step 11.
Completed step 12.
Completed step 13.
Completed step 14.
Completed step 15.
Completed step 16.
Completed step 17.
Completed step 18.
Completed step 19.
Completed step 20.
Completed step 21.
Completed step 22.
Completed step 23.
Completed step 24.
Completed step 25.
Completed step 26.
Completed step 27.
Completed step 28.
Completed step 29.
Completed step 30.
Completed step 31.
Completed step 32.
Completed step 33.
Completed step 34.
Agent did not indicate task is done. Reached max number of steps.
Task Failed ❌;  In Simple Calendar Pro, create a calendar event for tomorrow at 20h with the title 'Call with the Team' and the description 'We will prepare for team roles.'. The event should last for 30 mins.


                                   task_num  num_complete_trials  mean_success_rate  mean_episode_length  total_runtime_s  num_fail_trials
task                                                                                                                                      
OpenAppTaskEval                           0                  1.0                0.0                 10.0            97.80              0.0
SimpleCalendarAddOneEventTomorrow         1                  1.0                0.0                 34.0           245.90              0.0
========= Average =========               0                  1.0                0.0                 22.0           171.85              0.0


              mean_success_rate
difficulty                 easy
tags                           
data_entry                  0.0
parameterized               0.0

Running task: SystemBluetoothTurnOff
====================================
Running task SystemBluetoothTurnOff with goal "Turn bluetooth off."
Completed step 1.
Completed step 2.
Completed step 3.
Completed step 4.
Completed step 5.
Completed step 6.
Completed step 7.
Completed step 8.
Completed step 9.
Completed step 10.
Agent did not indicate task is done. Reached max number of steps.
Task Failed ❌;  Turn bluetooth off.


                                   task_num  num_complete_trials  mean_success_rate  mean_episode_length  total_runtime_s  num_fail_trials
task                                                                                                                                      
OpenAppTaskEval                           0                  1.0                0.0                 10.0            97.80              0.0
SimpleCalendarAddOneEventTomorrow         1                  1.0                0.0                 34.0           245.90              0.0
SystemBluetoothTurnOff                    2                  1.0                0.0                 10.0            50.90              0.0
========= Average =========               0                  1.0                0.0                 18.0           131.53              0.0


              mean_success_rate
difficulty                 easy
tags                           
data_entry                  0.0
parameterized               0.0
untagged                    0.0

Finished AndroidWorld eval. Wrote to /data2/androidworld_eval/runs/current_general_core_sweep_20260603_230159/current_general_core_shard5/run_20260603T230217209927
