W0603 23:02:17.634412 139969337073664 android_world_controller.py:98] Could not get a11y tree, retrying.
W0603 23:05:33.258122 139969337073664 android_world_controller.py:98] Could not get a11y tree, retrying.
Starting AndroidWorld eval with guiowl_dvlm -> /data2/androidworld_eval/runs/current_general_core_sweep_20260603_230159/current_general_core_shard0/run_20260603T230217309827
Running task: ContactsAddContact
================================
Running task ContactsAddContact with goal "Create a new contact for Hugo Pereira. Their number is +13920741751."
Completed step 1.
Completed step 2.
Completed step 3.
Completed step 4.
Completed step 5.
Completed step 6.
Completed step 7.
Completed step 8.
Completed step 9.
Completed step 10.
Completed step 11.
Completed step 12.
Agent did not indicate task is done. Reached max number of steps.
Task Failed ❌;  Create a new contact for Hugo Pereira. Their number is +13920741751.


                             task_num  num_complete_trials  mean_success_rate  mean_episode_length  total_runtime_s  num_fail_trials
task                                                                                                                                
ContactsAddContact                  0                  1.0                0.0                 12.0            104.2              0.0
========= Average =========         0                  1.0                0.0                 12.0            104.2              0.0


              mean_success_rate
difficulty                 easy
tags                           
data_entry                  0.0
parameterized               0.0

Running task: MarkorCreateFolder
================================
Running task MarkorCreateFolder with goal "Create a new folder in Markor named folder_20260603_230217."
Completed step 1.
Completed step 2.
Completed step 3.
Completed step 4.
Completed step 5.
Completed step 6.
Completed step 7.
Completed step 8.
Completed step 9.
Completed step 10.
Agent did not indicate task is done. Reached max number of steps.
Task Failed ❌;  Create a new folder in Markor named folder_20260603_230217.


                             task_num  num_complete_trials  mean_success_rate  mean_episode_length  total_runtime_s  num_fail_trials
task                                                                                                                                
ContactsAddContact                  0                  1.0                0.0                 12.0            104.2              0.0
MarkorCreateFolder                  1                  1.0                0.0                 10.0             84.6              0.0
========= Average =========         0                  1.0                0.0                 11.0             94.4              0.0


              mean_success_rate
difficulty                 easy
tags                           
data_entry                  0.0
parameterized               0.0

Running task: SimpleSmsReply
============================
Running task SimpleSmsReply with goal "Reply to +18407874306 with message: Yoga class every Tuesday and Thursday at 6 PM. in Simple SMS Messenger"
Completed step 1.
Completed step 2.
Completed step 3.
Completed step 4.
Completed step 5.
Completed step 6.
Completed step 7.
Completed step 8.
Completed step 9.
Completed step 10.
Completed step 11.
Completed step 12.
Agent did not indicate task is done. Reached max number of steps.
Task Failed ❌;  Reply to +18407874306 with message: Yoga class every Tuesday and Thursday at 6 PM. in Simple SMS Messenger


                             task_num  num_complete_trials  mean_success_rate  mean_episode_length  total_runtime_s  num_fail_trials
task                                                                                                                                
ContactsAddContact                  0                  1.0                0.0                12.00            104.2              0.0
MarkorCreateFolder                  1                  1.0                0.0                10.00             84.6              0.0
SimpleSmsReply                      2                  1.0                0.0                12.00            109.4              0.0
========= Average =========         0                  1.0                0.0                11.33             99.4              0.0


              mean_success_rate
difficulty                 easy
tags                           
data_entry                  0.0
parameterized               0.0
search                      0.0

Finished AndroidWorld eval. Wrote to /data2/androidworld_eval/runs/current_general_core_sweep_20260603_230159/current_general_core_shard0/run_20260603T230217309827
