
  ...t_bard_bd2/tokenizer.json: 100%|██████████| 11.4MB / 11.4MB            [A[A



  ...ard_bd2/model.safetensors:  27%|██▋       | 1.14GB / 4.26GB            [A[A[A
Processing Files (1 / 2)      :  27%|██▋       | 1.15GB / 4.27GB, 89.5MB/s  


  ...t_bard_bd2/tokenizer.json: 100%|██████████| 11.4MB / 11.4MB            [A[A



  ...ard_bd2/model.safetensors:  29%|██▉       | 1.24GB / 4.26GB            [A[A[A
Processing Files (1 / 2)      :  29%|██▉       | 1.25GB / 4.27GB, 96.4MB/s  


  ...t_bard_bd2/tokenizer.json: 100%|██████████| 11.4MB / 11.4MB            [A[A



  ...ard_bd2/model.safetensors:  32%|███▏      | 1.35GB / 4.26GB            [A[A[A
Processing Files (1 / 2)      :  32%|███▏      | 1.36GB / 4.27GB,  104MB/s  


  ...t_bard_bd2/tokenizer.json: 100%|██████████| 11.4MB / 11.4MB            [A[A



  ...ard_bd2/model.safetensors:  34%|███▍      | 1.46GB / 4.26GB            [A[A[A
Processing Files (1 / 2)      :  35%|███▍      | 1.48GB / 4.27GB,  111MB/s  


  ...t_bard_bd2/tokenizer.json: 100%|██████████| 11.4MB / 11.4MB            [A[A



  ...ard_bd2/model.safetensors:  37%|███▋      | 1.58GB / 4.26GB            [A[A[A
Processing Files (1 / 2)      :  37%|███▋      | 1.59GB / 4.27GB,  118MB/s  


  ...t_bard_bd2/tokenizer.json: 100%|██████████| 11.4MB / 11.4MB            [A[A



  ...ard_bd2/model.safetensors:  40%|███▉      | 1.69GB / 4.26GB            [A[A[A
Processing Files (1 / 2)      :  40%|███▉      | 1.70GB / 4.27GB,  125MB/s  


  ...t_bard_bd2/tokenizer.json: 100%|██████████| 11.4MB / 11.4MB            [A[A



  ...ard_bd2/model.safetensors:  42%|████▏     | 1.80GB / 4.26GB            [A[A[A
Processing Files (1 / 2)      :  42%|████▏     | 1.81GB / 4.27GB,  131MB/s  


  ...t_bard_bd2/tokenizer.json: 100%|██████████| 11.4MB / 11.4MB            [A[A



  ...ard_bd2/model.safetensors:  45%|████▍     | 1.91GB / 4.26GB            [A[A[A
Processing Files (1 / 2)      :  45%|████▌     | 1.92GB / 4.27GB,  138MB/s  


  ...t_bard_bd2/tokenizer.json: 100%|██████████| 11.4MB / 11.4MB            [A[A



  ...ard_bd2/model.safetensors:  48%|████▊     | 2.02GB / 4.26GB            [A[A[A
Processing Files (1 / 2)      :  48%|████▊     | 2.04GB / 4.27GB,  144MB/s  


  ...t_bard_bd2/tokenizer.json: 100%|██████████| 11.4MB / 11.4MB            [A[A



  ...ard_bd2/model.safetensors:  50%|█████     | 2.14GB / 4.26GB            [A[A[A
Processing Files (1 / 2)      :  50%|█████     | 2.15GB / 4.27GB,  150MB/s  


  ...t_bard_bd2/tokenizer.json: 100%|██████████| 11.4MB / 11.4MB            [A[A



  ...ard_bd2/model.safetensors:  53%|█████▎    | 2.25GB / 4.26GB            [A[A[A
Processing Files (1 / 2)      :  53%|█████▎    | 2.26GB / 4.27GB,  157MB/s  


  ...t_bard_bd2/tokenizer.json: 100%|██████████| 11.4MB / 11.4MB            [A[A



  ...ard_bd2/model.safetensors:  55%|█████▌    | 2.36GB / 4.26GB            [A[A[A
Processing Files (1 / 2)      :  56%|█████▌    | 2.37GB / 4.27GB,  162MB/s  


  ...t_bard_bd2/tokenizer.json: 100%|██████████| 11.4MB / 11.4MB            [A[A



  ...ard_bd2/model.safetensors:  58%|█████▊    | 2.46GB / 4.26GB            [A[A[A
Processing Files (1 / 2)      :  58%|█████▊    | 2.48GB / 4.27GB,  168MB/s  


  ...t_bard_bd2/tokenizer.json: 100%|██████████| 11.4MB / 11.4MB            [A[A



  ...ard_bd2/model.safetensors:  61%|██████    | 2.59GB / 4.26GB            [A[A[A
Processing Files (1 / 2)      :  61%|██████    | 2.60GB / 4.27GB,  175MB/s  


  ...t_bard_bd2/tokenizer.json: 100%|██████████| 11.4MB / 11.4MB            [A[A



  ...ard_bd2/model.safetensors:  64%|██████▍   | 2.73GB / 4.26GB            [A[A[A
Processing Files (1 / 2)      :  64%|██████▍   | 2.74GB / 4.27GB,  182MB/s  


  ...t_bard_bd2/tokenizer.json: 100%|██████████| 11.4MB / 11.4MB            [A[A



  ...ard_bd2/model.safetensors:  66%|██████▌   | 2.82GB / 4.26GB            [A[A[A
Processing Files (1 / 2)      :  66%|██████▋   | 2.83GB / 4.27GB,  185MB/s  


  ...t_bard_bd2/tokenizer.json: 100%|██████████| 11.4MB / 11.4MB            [A[A



  ...ard_bd2/model.safetensors:  69%|██████▉   | 2.93GB / 4.26GB            [A[A[A
Processing Files (1 / 2)      :  69%|██████▉   | 2.94GB / 4.27GB,  191MB/s  


  ...t_bard_bd2/tokenizer.json: 100%|██████████| 11.4MB / 11.4MB            [A[A



  ...ard_bd2/model.safetensors:  71%|███████▏  | 3.03GB / 4.26GB            [A[A[A
Processing Files (1 / 2)      :  71%|███████▏  | 3.04GB / 4.27GB,  195MB/s  


  ...t_bard_bd2/tokenizer.json: 100%|██████████| 11.4MB / 11.4MB            [A[A



  ...ard_bd2/model.safetensors:  74%|███████▍  | 3.14GB / 4.26GB            [A[A[A
Processing Files (1 / 2)      :  74%|███████▍  | 3.16GB / 4.27GB,  200MB/s  


  ...t_bard_bd2/tokenizer.json: 100%|██████████| 11.4MB / 11.4MB            [A[A



  ...ard_bd2/model.safetensors:  76%|███████▌  | 3.23GB / 4.26GB            [A[A[A
Processing Files (1 / 2)      :  76%|███████▌  | 3.24GB / 4.27GB,  203MB/s  


  ...t_bard_bd2/tokenizer.json: 100%|██████████| 11.4MB / 11.4MB            [A[A



  ...ard_bd2/model.safetensors:  79%|███████▊  | 3.34GB / 4.26GB            [A[A[A
Processing Files (1 / 2)      :  79%|███████▊  | 3.36GB / 4.27GB,  208MB/s  


  ...t_bard_bd2/tokenizer.json: 100%|██████████| 11.4MB / 11.4MB            [A[A



  ...ard_bd2/model.safetensors:  81%|████████  | 3.46GB / 4.26GB            [A[A[A
Processing Files (1 / 2)      :  81%|████████▏ | 3.47GB / 4.27GB,  213MB/s  


  ...t_bard_bd2/tokenizer.json: 100%|██████████| 11.4MB / 11.4MB            [A[A



  ...ard_bd2/model.safetensors:  84%|████████▍ | 3.57GB / 4.26GB            [A[A[A
Processing Files (1 / 2)      :  84%|████████▍ | 3.58GB / 4.27GB,  217MB/s  


  ...t_bard_bd2/tokenizer.json: 100%|██████████| 11.4MB / 11.4MB            [A[A



  ...ard_bd2/model.safetensors:  87%|████████▋ | 3.70GB / 4.26GB            [A[A[A
Processing Files (1 / 2)      :  87%|████████▋ | 3.72GB / 4.27GB,  224MB/s  


  ...t_bard_bd2/tokenizer.json: 100%|██████████| 11.4MB / 11.4MB            [A[A



  ...ard_bd2/model.safetensors:  91%|█████████ | 3.86GB / 4.26GB            [A[A[A
Processing Files (1 / 2)      :  91%|█████████ | 3.87GB / 4.27GB,  231MB/s  


  ...t_bard_bd2/tokenizer.json: 100%|██████████| 11.4MB / 11.4MB            [A[A



  ...ard_bd2/model.safetensors:  94%|█████████▍| 4.02GB / 4.26GB            [A[A[A
Processing Files (1 / 2)      :  94%|█████████▍| 4.03GB / 4.27GB,  239MB/s  


  ...t_bard_bd2/tokenizer.json: 100%|██████████| 11.4MB / 11.4MB            [A[A



  ...ard_bd2/model.safetensors:  97%|█████████▋| 4.13GB / 4.26GB            [A[A[A
Processing Files (1 / 2)      :  97%|█████████▋| 4.14GB / 4.27GB,  243MB/s  


  ...t_bard_bd2/tokenizer.json: 100%|██████████| 11.4MB / 11.4MB            [A[A



  ...ard_bd2/model.safetensors: 100%|█████████▉| 4.25GB / 4.26GB            [A[A[A
Processing Files (1 / 2)      : 100%|█████████▉| 4.26GB / 4.27GB,  248MB/s  


  ...t_bard_bd2/tokenizer.json: 100%|██████████| 11.4MB / 11.4MB            [A[A



  ...ard_bd2/model.safetensors: 100%|██████████| 4.26GB / 4.26GB            [A[A[A
Processing Files (2 / 2)      : 100%|██████████| 4.27GB / 4.27GB,  244MB/s  
Processing Files (2 / 2)      : 100%|██████████| 4.27GB / 4.27GB,  244MB/s  

New Data Upload               : |          |  0.00B /  0.00B,  0.00B/s  

  ...t_bard_bd2/tokenizer.json: 100%|██████████| 11.4MB / 11.4MB            

  ...ard_bd2/model.safetensors: 100%|██████████| 4.26GB / 4.26GB            
[hf] uploaded stage=bd2_e1 -> https://huggingface.co/KMK040412/fast-dvlm-guiowl-bard-bd32/tree/main/checkpoints/bd2_e1
[hf] uploaded logs stage=bd2_e1 -> https://huggingface.co/KMK040412/fast-dvlm-guiowl-bard-bd32/tree/main/paper_logs/bd2_e1
