Obtaining file:///data2/androidworld_eval/android_world
  Checking if build backend supports build_editable: started
  Checking if build backend supports build_editable: finished with status 'done'
  Preparing editable metadata (pyproject.toml): started
  Preparing editable metadata (pyproject.toml): finished with status 'done'
Requirement already satisfied: absl-py==2.1.0 in ./venv/lib/python3.11/site-packages (from android_world==0.1.0) (2.1.0)
Requirement already satisfied: android_env==1.2.3 in ./venv/lib/python3.11/site-packages (from android_world==0.1.0) (1.2.3)
Requirement already satisfied: dm_env==1.6 in ./venv/lib/python3.11/site-packages (from android_world==0.1.0) (1.6)
Requirement already satisfied: fuzzywuzzy==0.18.0 in ./venv/lib/python3.11/site-packages (from android_world==0.1.0) (0.18.0)
Requirement already satisfied: google-generativeai in ./venv/lib/python3.11/site-packages (from android_world==0.1.0) (0.8.6)
Requirement already satisfied: grpcio-tools==1.71.0 in ./venv/lib/python3.11/site-packages (from android_world==0.1.0) (1.71.0)
Requirement already satisfied: protobuf==5.29.5 in ./venv/lib/python3.11/site-packages (from android_world==0.1.0) (5.29.5)
Requirement already satisfied: immutabledict==2.0.0 in ./venv/lib/python3.11/site-packages (from android_world==0.1.0) (2.0.0)
Requirement already satisfied: IPython in ./venv/lib/python3.11/site-packages (from android_world==0.1.0) (9.14.0)
Requirement already satisfied: jsonschema==4.17.3 in ./venv/lib/python3.11/site-packages (from android_world==0.1.0) (4.17.3)
Requirement already satisfied: numpy==1.26.3 in ./venv/lib/python3.11/site-packages (from android_world==0.1.0) (1.26.3)
Requirement already satisfied: opencv-python in ./venv/lib/python3.11/site-packages (from android_world==0.1.0) (4.11.0.86)
Requirement already satisfied: pandas==2.1.4 in ./venv/lib/python3.11/site-packages (from android_world==0.1.0) (2.1.4)
Requirement already satisfied: pydub in ./venv/lib/python3.11/site-packages (from android_world==0.1.0) (0.25.1)
Requirement already satisfied: python-Levenshtein in ./venv/lib/python3.11/site-packages (from android_world==0.1.0) (0.27.3)
Requirement already satisfied: pytest in ./venv/lib/python3.11/site-packages (from android_world==0.1.0) (9.0.3)
Requirement already satisfied: requests in ./venv/lib/python3.11/site-packages (from android_world==0.1.0) (2.34.2)
Requirement already satisfied: tenacity in ./venv/lib/python3.11/site-packages (from android_world==0.1.0) (9.1.4)
Requirement already satisfied: termcolor in ./venv/lib/python3.11/site-packages (from android_world==0.1.0) (3.3.0)
Requirement already satisfied: fastapi in ./venv/lib/python3.11/site-packages (from android_world==0.1.0) (0.136.3)
Requirement already satisfied: uvicorn in ./venv/lib/python3.11/site-packages (from android_world==0.1.0) (0.48.0)
Requirement already satisfied: grpcio in ./venv/lib/python3.11/site-packages (from android_env==1.2.3->android_world==0.1.0) (1.81.0)
Requirement already satisfied: portpicker>=1.2.0 in ./venv/lib/python3.11/site-packages (from android_env==1.2.3->android_world==0.1.0) (1.6.0)
Requirement already satisfied: pygame in ./venv/lib/python3.11/site-packages (from android_env==1.2.3->android_world==0.1.0) (2.6.1)
Requirement already satisfied: dm-tree in ./venv/lib/python3.11/site-packages (from dm_env==1.6->android_world==0.1.0) (0.1.10)
Requirement already satisfied: setuptools in ./venv/lib/python3.11/site-packages (from grpcio-tools==1.71.0->android_world==0.1.0) (80.10.2)
Requirement already satisfied: attrs>=17.4.0 in ./venv/lib/python3.11/site-packages (from jsonschema==4.17.3->android_world==0.1.0) (26.1.0)
Requirement already satisfied: pyrsistent!=0.17.0,!=0.17.1,!=0.17.2,>=0.14.0 in ./venv/lib/python3.11/site-packages (from jsonschema==4.17.3->android_world==0.1.0) (0.20.0)
Requirement already satisfied: python-dateutil>=2.8.2 in ./venv/lib/python3.11/site-packages (from pandas==2.1.4->android_world==0.1.0) (2.9.0.post0)
Requirement already satisfied: pytz>=2020.1 in ./venv/lib/python3.11/site-packages (from pandas==2.1.4->android_world==0.1.0) (2026.2)
Requirement already satisfied: tzdata>=2022.1 in ./venv/lib/python3.11/site-packages (from pandas==2.1.4->android_world==0.1.0) (2026.2)
Requirement already satisfied: typing-extensions~=4.12 in ./venv/lib/python3.11/site-packages (from grpcio->android_env==1.2.3->android_world==0.1.0) (4.15.0)
Requirement already satisfied: psutil in ./venv/lib/python3.11/site-packages (from portpicker>=1.2.0->android_env==1.2.3->android_world==0.1.0) (7.2.2)
Requirement already satisfied: six>=1.5 in ./venv/lib/python3.11/site-packages (from python-dateutil>=2.8.2->pandas==2.1.4->android_world==0.1.0) (1.17.0)
Requirement already satisfied: wrapt>=1.11.2 in ./venv/lib/python3.11/site-packages (from dm-tree->dm_env==1.6->android_world==0.1.0) (2.2.1)
Requirement already satisfied: starlette>=0.46.0 in ./venv/lib/python3.11/site-packages (from fastapi->android_world==0.1.0) (1.2.1)
Requirement already satisfied: pydantic>=2.9.0 in ./venv/lib/python3.11/site-packages (from fastapi->android_world==0.1.0) (2.13.4)
Requirement already satisfied: typing-inspection>=0.4.2 in ./venv/lib/python3.11/site-packages (from fastapi->android_world==0.1.0) (0.4.2)
Requirement already satisfied: annotated-doc>=0.0.2 in ./venv/lib/python3.11/site-packages (from fastapi->android_world==0.1.0) (0.0.4)
Requirement already satisfied: annotated-types>=0.6.0 in ./venv/lib/python3.11/site-packages (from pydantic>=2.9.0->fastapi->android_world==0.1.0) (0.7.0)
Requirement already satisfied: pydantic-core==2.46.4 in ./venv/lib/python3.11/site-packages (from pydantic>=2.9.0->fastapi->android_world==0.1.0) (2.46.4)
Requirement already satisfied: anyio<5,>=3.6.2 in ./venv/lib/python3.11/site-packages (from starlette>=0.46.0->fastapi->android_world==0.1.0) (4.13.0)
Requirement already satisfied: idna>=2.8 in ./venv/lib/python3.11/site-packages (from anyio<5,>=3.6.2->starlette>=0.46.0->fastapi->android_world==0.1.0) (3.18)
Requirement already satisfied: google-ai-generativelanguage==0.6.15 in ./venv/lib/python3.11/site-packages (from google-generativeai->android_world==0.1.0) (0.6.15)
Requirement already satisfied: google-api-core in ./venv/lib/python3.11/site-packages (from google-generativeai->android_world==0.1.0) (2.30.3)
Requirement already satisfied: google-api-python-client in ./venv/lib/python3.11/site-packages (from google-generativeai->android_world==0.1.0) (2.197.0)
Requirement already satisfied: google-auth>=2.15.0 in ./venv/lib/python3.11/site-packages (from google-generativeai->android_world==0.1.0) (2.53.0)
Requirement already satisfied: tqdm in ./venv/lib/python3.11/site-packages (from google-generativeai->android_world==0.1.0) (4.67.3)
Requirement already satisfied: proto-plus<2.0.0dev,>=1.22.3 in ./venv/lib/python3.11/site-packages (from google-ai-generativelanguage==0.6.15->google-generativeai->android_world==0.1.0) (1.28.0)
Requirement already satisfied: googleapis-common-protos<2.0.0,>=1.63.2 in ./venv/lib/python3.11/site-packages (from google-api-core->google-generativeai->android_world==0.1.0) (1.75.0)
Requirement already satisfied: grpcio-status<2.0.0,>=1.33.2 in ./venv/lib/python3.11/site-packages (from google-api-core[grpc]!=2.0.*,!=2.1.*,!=2.10.*,!=2.2.*,!=2.3.*,!=2.4.*,!=2.5.*,!=2.6.*,!=2.7.*,!=2.8.*,!=2.9.*,<3.0.0dev,>=1.34.1->google-ai-generativelanguage==0.6.15->google-generativeai->android_world==0.1.0) (1.71.2)
Requirement already satisfied: pyasn1-modules>=0.2.1 in ./venv/lib/python3.11/site-packages (from google-auth>=2.15.0->google-generativeai->android_world==0.1.0) (0.4.2)
Requirement already satisfied: cryptography>=38.0.3 in ./venv/lib/python3.11/site-packages (from google-auth>=2.15.0->google-generativeai->android_world==0.1.0) (48.0.0)
Requirement already satisfied: charset_normalizer<4,>=2 in ./venv/lib/python3.11/site-packages (from requests->android_world==0.1.0) (3.4.7)
Requirement already satisfied: urllib3<3,>=1.26 in ./venv/lib/python3.11/site-packages (from requests->android_world==0.1.0) (2.7.0)
Requirement already satisfied: certifi>=2023.5.7 in ./venv/lib/python3.11/site-packages (from requests->android_world==0.1.0) (2026.5.20)
Requirement already satisfied: cffi>=2.0.0 in ./venv/lib/python3.11/site-packages (from cryptography>=38.0.3->google-auth>=2.15.0->google-generativeai->android_world==0.1.0) (2.0.0)
Requirement already satisfied: pycparser in ./venv/lib/python3.11/site-packages (from cffi>=2.0.0->cryptography>=38.0.3->google-auth>=2.15.0->google-generativeai->android_world==0.1.0) (3.0)
Requirement already satisfied: pyasn1<0.7.0,>=0.6.1 in ./venv/lib/python3.11/site-packages (from pyasn1-modules>=0.2.1->google-auth>=2.15.0->google-generativeai->android_world==0.1.0) (0.6.3)
Requirement already satisfied: httplib2<1.0.0,>=0.19.0 in ./venv/lib/python3.11/site-packages (from google-api-python-client->google-generativeai->android_world==0.1.0) (0.31.2)
Requirement already satisfied: google-auth-httplib2<1.0.0,>=0.2.0 in ./venv/lib/python3.11/site-packages (from google-api-python-client->google-generativeai->android_world==0.1.0) (0.4.0)
Requirement already satisfied: uritemplate<5,>=3.0.1 in ./venv/lib/python3.11/site-packages (from google-api-python-client->google-generativeai->android_world==0.1.0) (4.2.0)
Requirement already satisfied: pyparsing<4,>=3.1 in ./venv/lib/python3.11/site-packages (from httplib2<1.0.0,>=0.19.0->google-api-python-client->google-generativeai->android_world==0.1.0) (3.3.2)
Requirement already satisfied: decorator>=5.1.0 in ./venv/lib/python3.11/site-packages (from IPython->android_world==0.1.0) (5.3.1)
Requirement already satisfied: ipython-pygments-lexers>=1.0.0 in ./venv/lib/python3.11/site-packages (from IPython->android_world==0.1.0) (1.1.1)
Requirement already satisfied: jedi>=0.18.2 in ./venv/lib/python3.11/site-packages (from IPython->android_world==0.1.0) (0.20.0)
Requirement already satisfied: matplotlib-inline>=0.1.6 in ./venv/lib/python3.11/site-packages (from IPython->android_world==0.1.0) (0.2.2)
Requirement already satisfied: pexpect>4.6 in ./venv/lib/python3.11/site-packages (from IPython->android_world==0.1.0) (4.9.0)
Requirement already satisfied: prompt_toolkit<3.1.0,>=3.0.41 in ./venv/lib/python3.11/site-packages (from IPython->android_world==0.1.0) (3.0.52)
Requirement already satisfied: pygments>=2.14.0 in ./venv/lib/python3.11/site-packages (from IPython->android_world==0.1.0) (2.20.0)
Requirement already satisfied: stack_data>=0.6.0 in ./venv/lib/python3.11/site-packages (from IPython->android_world==0.1.0) (0.6.3)
Requirement already satisfied: traitlets>=5.13.0 in ./venv/lib/python3.11/site-packages (from IPython->android_world==0.1.0) (5.15.1)
Requirement already satisfied: wcwidth in ./venv/lib/python3.11/site-packages (from prompt_toolkit<3.1.0,>=3.0.41->IPython->android_world==0.1.0) (0.7.0)
Requirement already satisfied: parso<0.9.0,>=0.8.6 in ./venv/lib/python3.11/site-packages (from jedi>=0.18.2->IPython->android_world==0.1.0) (0.8.7)
Requirement already satisfied: ptyprocess>=0.5 in ./venv/lib/python3.11/site-packages (from pexpect>4.6->IPython->android_world==0.1.0) (0.7.0)
Requirement already satisfied: executing>=1.2.0 in ./venv/lib/python3.11/site-packages (from stack_data>=0.6.0->IPython->android_world==0.1.0) (2.2.1)
Requirement already satisfied: asttokens>=2.1.0 in ./venv/lib/python3.11/site-packages (from stack_data>=0.6.0->IPython->android_world==0.1.0) (3.0.1)
Requirement already satisfied: pure-eval in ./venv/lib/python3.11/site-packages (from stack_data>=0.6.0->IPython->android_world==0.1.0) (0.2.3)
Requirement already satisfied: iniconfig>=1.0.1 in ./venv/lib/python3.11/site-packages (from pytest->android_world==0.1.0) (2.3.0)
Requirement already satisfied: packaging>=22 in ./venv/lib/python3.11/site-packages (from pytest->android_world==0.1.0) (26.2)
Requirement already satisfied: pluggy<2,>=1.5 in ./venv/lib/python3.11/site-packages (from pytest->android_world==0.1.0) (1.6.0)
Requirement already satisfied: Levenshtein==0.27.3 in ./venv/lib/python3.11/site-packages (from python-Levenshtein->android_world==0.1.0) (0.27.3)
Requirement already satisfied: rapidfuzz<4.0.0,>=3.9.0 in ./venv/lib/python3.11/site-packages (from Levenshtein==0.27.3->python-Levenshtein->android_world==0.1.0) (3.14.5)
Requirement already satisfied: click>=7.0 in ./venv/lib/python3.11/site-packages (from uvicorn->android_world==0.1.0) (8.4.1)
Requirement already satisfied: h11>=0.8 in ./venv/lib/python3.11/site-packages (from uvicorn->android_world==0.1.0) (0.16.0)
Building wheels for collected packages: android_world
  Building editable for android_world (pyproject.toml): started
  Building editable for android_world (pyproject.toml): finished with status 'done'
  Created wheel for android_world: filename=android_world-0.1.0-0.editable-py3-none-any.whl size=13879 sha256=d10967109d347991ee2cdc9e388d41f46838d9ecbc79ae2eca048e9d1829e638
  Stored in directory: /tmp/pip-ephem-wheel-cache-57mpl4f5/wheels/3c/25/8d/febf9ad93a1421c09fef1a67b239ec7cd1e3dee4fe0fb4c9fe
Successfully built android_world
Installing collected packages: android_world
Successfully installed android_world-0.1.0
