Collecting fastapi
  Downloading fastapi-0.136.3-py3-none-any.whl.metadata (27 kB)
Collecting uvicorn
  Downloading uvicorn-0.48.0-py3-none-any.whl.metadata (6.7 kB)
Collecting absl-py==2.1.0 (from -r android_world/requirements.txt (line 1))
  Downloading absl_py-2.1.0-py3-none-any.whl.metadata (2.3 kB)
Collecting android_env==1.2.3 (from -r android_world/requirements.txt (line 2))
  Downloading android_env-1.2.3-py3-none-any.whl.metadata (14 kB)
Collecting dm_env==1.6 (from -r android_world/requirements.txt (line 3))
  Downloading dm_env-1.6-py3-none-any.whl.metadata (966 bytes)
Collecting fuzzywuzzy==0.18.0 (from -r android_world/requirements.txt (line 4))
  Downloading fuzzywuzzy-0.18.0-py2.py3-none-any.whl.metadata (4.9 kB)
Collecting google-generativeai (from -r android_world/requirements.txt (line 5))
  Downloading google_generativeai-0.8.6-py3-none-any.whl.metadata (3.9 kB)
Collecting grpcio-tools==1.71.0 (from -r android_world/requirements.txt (line 6))
  Downloading grpcio_tools-1.71.0-cp311-cp311-manylinux_2_17_x86_64.manylinux2014_x86_64.whl.metadata (5.3 kB)
Collecting protobuf==5.29.5 (from -r android_world/requirements.txt (line 7))
  Downloading protobuf-5.29.5-cp38-abi3-manylinux2014_x86_64.whl.metadata (592 bytes)
Collecting immutabledict==2.0.0 (from -r android_world/requirements.txt (line 8))
  Downloading immutabledict-2.0.0-py3-none-any.whl.metadata (2.7 kB)
Collecting IPython (from -r android_world/requirements.txt (line 9))
  Downloading ipython-9.14.0-py3-none-any.whl.metadata (4.7 kB)
Collecting jsonschema==4.17.3 (from -r android_world/requirements.txt (line 10))
  Downloading jsonschema-4.17.3-py3-none-any.whl.metadata (7.9 kB)
Collecting matplotlib==3.6.1 (from -r android_world/requirements.txt (line 11))
  Downloading matplotlib-3.6.1-cp311-cp311-manylinux_2_17_x86_64.manylinux2014_x86_64.whl.metadata (6.8 kB)
Collecting numpy==1.26.3 (from -r android_world/requirements.txt (line 12))
  Downloading numpy-1.26.3-cp311-cp311-manylinux_2_17_x86_64.manylinux2014_x86_64.whl.metadata (61 kB)
Collecting opencv-python (from -r android_world/requirements.txt (line 13))
  Downloading opencv_python-4.13.0.92-cp37-abi3-manylinux_2_28_x86_64.whl.metadata (19 kB)
Collecting pandas==2.1.4 (from -r android_world/requirements.txt (line 14))
  Downloading pandas-2.1.4-cp311-cp311-manylinux_2_17_x86_64.manylinux2014_x86_64.whl.metadata (18 kB)
Collecting pydub (from -r android_world/requirements.txt (line 15))
  Downloading pydub-0.25.1-py2.py3-none-any.whl.metadata (1.4 kB)
Collecting python-Levenshtein (from -r android_world/requirements.txt (line 16))
  Downloading python_levenshtein-0.27.3-py3-none-any.whl.metadata (3.9 kB)
Collecting pytest (from -r android_world/requirements.txt (line 17))
  Downloading pytest-9.0.3-py3-none-any.whl.metadata (7.6 kB)
Collecting requests (from -r android_world/requirements.txt (line 18))
  Downloading requests-2.34.2-py3-none-any.whl.metadata (4.8 kB)
Collecting tenacity (from -r android_world/requirements.txt (line 19))
  Downloading tenacity-9.1.4-py3-none-any.whl.metadata (1.2 kB)
Collecting termcolor (from -r android_world/requirements.txt (line 20))
  Downloading termcolor-3.3.0-py3-none-any.whl.metadata (6.5 kB)
Collecting grpcio (from android_env==1.2.3->-r android_world/requirements.txt (line 2))
  Downloading grpcio-1.81.0-cp311-cp311-manylinux2014_x86_64.manylinux_2_17_x86_64.whl.metadata (3.7 kB)
Collecting portpicker>=1.2.0 (from android_env==1.2.3->-r android_world/requirements.txt (line 2))
  Downloading portpicker-1.6.0-py3-none-any.whl.metadata (1.5 kB)
Collecting pygame (from android_env==1.2.3->-r android_world/requirements.txt (line 2))
  Downloading pygame-2.6.1-cp311-cp311-manylinux_2_17_x86_64.manylinux2014_x86_64.whl.metadata (12 kB)
Collecting dm-tree (from dm_env==1.6->-r android_world/requirements.txt (line 3))
  Downloading dm_tree-0.1.10-cp311-cp311-manylinux_2_24_x86_64.manylinux_2_28_x86_64.whl.metadata (2.6 kB)
Requirement already satisfied: setuptools in ./venv/lib/python3.11/site-packages (from grpcio-tools==1.71.0->-r android_world/requirements.txt (line 6)) (82.0.1)
Collecting attrs>=17.4.0 (from jsonschema==4.17.3->-r android_world/requirements.txt (line 10))
  Downloading attrs-26.1.0-py3-none-any.whl.metadata (8.8 kB)
Collecting pyrsistent!=0.17.0,!=0.17.1,!=0.17.2,>=0.14.0 (from jsonschema==4.17.3->-r android_world/requirements.txt (line 10))
  Downloading pyrsistent-0.20.0-cp311-cp311-manylinux_2_17_x86_64.manylinux2014_x86_64.whl.metadata (27 kB)
Collecting contourpy>=1.0.1 (from matplotlib==3.6.1->-r android_world/requirements.txt (line 11))
  Downloading contourpy-1.3.3-cp311-cp311-manylinux_2_27_x86_64.manylinux_2_28_x86_64.whl.metadata (5.5 kB)
Collecting cycler>=0.10 (from matplotlib==3.6.1->-r android_world/requirements.txt (line 11))
  Downloading cycler-0.12.1-py3-none-any.whl.metadata (3.8 kB)
Collecting fonttools>=4.22.0 (from matplotlib==3.6.1->-r android_world/requirements.txt (line 11))
  Downloading fonttools-4.63.0-cp311-cp311-manylinux2014_x86_64.manylinux_2_17_x86_64.whl.metadata (118 kB)
Collecting kiwisolver>=1.0.1 (from matplotlib==3.6.1->-r android_world/requirements.txt (line 11))
  Downloading kiwisolver-1.5.0-cp311-cp311-manylinux2014_x86_64.manylinux_2_17_x86_64.whl.metadata (5.1 kB)
Requirement already satisfied: packaging>=20.0 in ./venv/lib/python3.11/site-packages (from matplotlib==3.6.1->-r android_world/requirements.txt (line 11)) (26.2)
Collecting pillow>=6.2.0 (from matplotlib==3.6.1->-r android_world/requirements.txt (line 11))
  Downloading pillow-12.2.0-cp311-cp311-manylinux_2_27_x86_64.manylinux_2_28_x86_64.whl.metadata (8.8 kB)
Collecting pyparsing>=2.2.1 (from matplotlib==3.6.1->-r android_world/requirements.txt (line 11))
  Downloading pyparsing-3.3.2-py3-none-any.whl.metadata (5.8 kB)
Collecting python-dateutil>=2.7 (from matplotlib==3.6.1->-r android_world/requirements.txt (line 11))
  Downloading python_dateutil-2.9.0.post0-py2.py3-none-any.whl.metadata (8.4 kB)
Collecting pytz>=2020.1 (from pandas==2.1.4->-r android_world/requirements.txt (line 14))
  Downloading pytz-2026.2-py2.py3-none-any.whl.metadata (22 kB)
Collecting tzdata>=2022.1 (from pandas==2.1.4->-r android_world/requirements.txt (line 14))
  Downloading tzdata-2026.2-py2.py3-none-any.whl.metadata (1.4 kB)
Collecting starlette>=0.46.0 (from fastapi)
  Downloading starlette-1.2.1-py3-none-any.whl.metadata (6.3 kB)
Collecting pydantic>=2.9.0 (from fastapi)
  Downloading pydantic-2.13.4-py3-none-any.whl.metadata (109 kB)
Collecting typing-extensions>=4.8.0 (from fastapi)
  Downloading typing_extensions-4.15.0-py3-none-any.whl.metadata (3.3 kB)
Collecting typing-inspection>=0.4.2 (from fastapi)
  Downloading typing_inspection-0.4.2-py3-none-any.whl.metadata (2.6 kB)
Collecting annotated-doc>=0.0.2 (from fastapi)
  Downloading annotated_doc-0.0.4-py3-none-any.whl.metadata (6.6 kB)
Collecting click>=7.0 (from uvicorn)
  Downloading click-8.4.1-py3-none-any.whl.metadata (2.6 kB)
Collecting h11>=0.8 (from uvicorn)
  Downloading h11-0.16.0-py3-none-any.whl.metadata (8.3 kB)
Collecting google-ai-generativelanguage==0.6.15 (from google-generativeai->-r android_world/requirements.txt (line 5))
  Downloading google_ai_generativelanguage-0.6.15-py3-none-any.whl.metadata (5.7 kB)
Collecting google-api-core (from google-generativeai->-r android_world/requirements.txt (line 5))
  Downloading google_api_core-2.31.0-py3-none-any.whl.metadata (3.2 kB)
Collecting google-api-python-client (from google-generativeai->-r android_world/requirements.txt (line 5))
  Downloading google_api_python_client-2.197.0-py3-none-any.whl.metadata (7.0 kB)
Collecting google-auth>=2.15.0 (from google-generativeai->-r android_world/requirements.txt (line 5))
  Downloading google_auth-2.53.0-py3-none-any.whl.metadata (5.5 kB)
Collecting tqdm (from google-generativeai->-r android_world/requirements.txt (line 5))
  Downloading tqdm-4.67.3-py3-none-any.whl.metadata (57 kB)
Collecting proto-plus<2.0.0dev,>=1.22.3 (from google-ai-generativelanguage==0.6.15->google-generativeai->-r android_world/requirements.txt (line 5))
  Downloading proto_plus-1.28.0-py3-none-any.whl.metadata (2.2 kB)
Collecting googleapis-common-protos<2.0.0,>=1.63.2 (from google-api-core->google-generativeai->-r android_world/requirements.txt (line 5))
  Downloading googleapis_common_protos-1.75.0-py3-none-any.whl.metadata (8.6 kB)
INFO: pip is looking at multiple versions of google-api-core to determine which version is compatible with other requirements. This could take a while.
Collecting google-api-core (from google-generativeai->-r android_world/requirements.txt (line 5))
  Downloading google_api_core-2.30.3-py3-none-any.whl.metadata (3.1 kB)
Collecting charset_normalizer<4,>=2 (from requests->-r android_world/requirements.txt (line 18))
  Downloading charset_normalizer-3.4.7-cp311-cp311-manylinux2014_x86_64.manylinux_2_17_x86_64.manylinux_2_28_x86_64.whl.metadata (40 kB)
Collecting idna<4,>=2.5 (from requests->-r android_world/requirements.txt (line 18))
  Downloading idna-3.18-py3-none-any.whl.metadata (6.1 kB)
Collecting urllib3<3,>=1.26 (from requests->-r android_world/requirements.txt (line 18))
  Downloading urllib3-2.7.0-py3-none-any.whl.metadata (6.9 kB)
Collecting certifi>=2023.5.7 (from requests->-r android_world/requirements.txt (line 18))
  Downloading certifi-2026.5.20-py3-none-any.whl.metadata (2.5 kB)
INFO: pip is looking at multiple versions of google-api-core[grpc] to determine which version is compatible with other requirements. This could take a while.
Collecting grpcio-status<2.0.0,>=1.33.2 (from google-api-core[grpc]!=2.0.*,!=2.1.*,!=2.10.*,!=2.2.*,!=2.3.*,!=2.4.*,!=2.5.*,!=2.6.*,!=2.7.*,!=2.8.*,!=2.9.*,<3.0.0dev,>=1.34.1->google-ai-generativelanguage==0.6.15->google-generativeai->-r android_world/requirements.txt (line 5))
  Downloading grpcio_status-1.81.0-py3-none-any.whl.metadata (1.2 kB)
Collecting pyasn1-modules>=0.2.1 (from google-auth>=2.15.0->google-generativeai->-r android_world/requirements.txt (line 5))
  Downloading pyasn1_modules-0.4.2-py3-none-any.whl.metadata (3.5 kB)
Collecting cryptography>=38.0.3 (from google-auth>=2.15.0->google-generativeai->-r android_world/requirements.txt (line 5))
  Downloading cryptography-48.0.0-cp311-abi3-manylinux_2_34_x86_64.whl.metadata (4.3 kB)
INFO: pip is looking at multiple versions of grpcio-status to determine which version is compatible with other requirements. This could take a while.
Collecting grpcio-status<2.0.0,>=1.33.2 (from google-api-core[grpc]!=2.0.*,!=2.1.*,!=2.10.*,!=2.2.*,!=2.3.*,!=2.4.*,!=2.5.*,!=2.6.*,!=2.7.*,!=2.8.*,!=2.9.*,<3.0.0dev,>=1.34.1->google-ai-generativelanguage==0.6.15->google-generativeai->-r android_world/requirements.txt (line 5))
  Downloading grpcio_status-1.80.0-py3-none-any.whl.metadata (1.3 kB)
  Downloading grpcio_status-1.78.0-py3-none-any.whl.metadata (1.3 kB)
  Downloading grpcio_status-1.76.0-py3-none-any.whl.metadata (1.1 kB)
  Downloading grpcio_status-1.75.1-py3-none-any.whl.metadata (1.1 kB)
  Downloading grpcio_status-1.75.0-py3-none-any.whl.metadata (1.1 kB)
  Downloading grpcio_status-1.74.0-py3-none-any.whl.metadata (1.1 kB)
  Downloading grpcio_status-1.73.1-py3-none-any.whl.metadata (1.1 kB)
INFO: pip is still looking at multiple versions of grpcio-status to determine which version is compatible with other requirements. This could take a while.
  Downloading grpcio_status-1.73.0-py3-none-any.whl.metadata (1.1 kB)
  Downloading grpcio_status-1.72.2-py3-none-any.whl.metadata (1.1 kB)
  Downloading grpcio_status-1.72.1-py3-none-any.whl.metadata (1.1 kB)
  Downloading grpcio_status-1.71.2-py3-none-any.whl.metadata (1.1 kB)
Collecting decorator>=5.1.0 (from IPython->-r android_world/requirements.txt (line 9))
  Downloading decorator-5.3.1-py3-none-any.whl.metadata (3.9 kB)
Collecting ipython-pygments-lexers>=1.0.0 (from IPython->-r android_world/requirements.txt (line 9))
  Downloading ipython_pygments_lexers-1.1.1-py3-none-any.whl.metadata (1.1 kB)
Collecting jedi>=0.18.2 (from IPython->-r android_world/requirements.txt (line 9))
  Downloading jedi-0.20.0-py2.py3-none-any.whl.metadata (23 kB)
Collecting matplotlib-inline>=0.1.6 (from IPython->-r android_world/requirements.txt (line 9))
  Downloading matplotlib_inline-0.2.2-py3-none-any.whl.metadata (2.4 kB)
Collecting pexpect>4.6 (from IPython->-r android_world/requirements.txt (line 9))
  Downloading pexpect-4.9.0-py2.py3-none-any.whl.metadata (2.5 kB)
Collecting prompt_toolkit<3.1.0,>=3.0.41 (from IPython->-r android_world/requirements.txt (line 9))
  Downloading prompt_toolkit-3.0.52-py3-none-any.whl.metadata (6.4 kB)
Collecting psutil>=7 (from IPython->-r android_world/requirements.txt (line 9))
  Downloading psutil-7.2.2-cp36-abi3-manylinux2010_x86_64.manylinux_2_12_x86_64.manylinux_2_28_x86_64.whl.metadata (22 kB)
Collecting pygments>=2.14.0 (from IPython->-r android_world/requirements.txt (line 9))
  Downloading pygments-2.20.0-py3-none-any.whl.metadata (2.5 kB)
Collecting stack_data>=0.6.0 (from IPython->-r android_world/requirements.txt (line 9))
  Downloading stack_data-0.6.3-py3-none-any.whl.metadata (18 kB)
Collecting traitlets>=5.13.0 (from IPython->-r android_world/requirements.txt (line 9))
  Downloading traitlets-5.15.1-py3-none-any.whl.metadata (10 kB)
Collecting wcwidth (from prompt_toolkit<3.1.0,>=3.0.41->IPython->-r android_world/requirements.txt (line 9))
  Downloading wcwidth-0.7.0-py3-none-any.whl.metadata (36 kB)
INFO: pip is looking at multiple versions of opencv-python to determine which version is compatible with other requirements. This could take a while.
Collecting opencv-python (from -r android_world/requirements.txt (line 13))
  Downloading opencv_python-4.13.0.90-cp37-abi3-manylinux_2_28_x86_64.whl.metadata (19 kB)
  Downloading opencv_python-4.12.0.88-cp37-abi3-manylinux2014_x86_64.manylinux_2_17_x86_64.whl.metadata (19 kB)
  Downloading opencv_python-4.11.0.86-cp37-abi3-manylinux_2_17_x86_64.manylinux2014_x86_64.whl.metadata (20 kB)
Collecting Levenshtein==0.27.3 (from python-Levenshtein->-r android_world/requirements.txt (line 16))
  Downloading levenshtein-0.27.3-cp311-cp311-manylinux_2_24_x86_64.manylinux_2_28_x86_64.whl.metadata (3.7 kB)
Collecting rapidfuzz<4.0.0,>=3.9.0 (from Levenshtein==0.27.3->python-Levenshtein->-r android_world/requirements.txt (line 16))
  Downloading rapidfuzz-3.14.5-cp311-cp311-manylinux_2_27_x86_64.manylinux_2_28_x86_64.whl.metadata (12 kB)
Collecting iniconfig>=1.0.1 (from pytest->-r android_world/requirements.txt (line 17))
  Downloading iniconfig-2.3.0-py3-none-any.whl.metadata (2.5 kB)
Collecting pluggy<2,>=1.5 (from pytest->-r android_world/requirements.txt (line 17))
  Downloading pluggy-1.6.0-py3-none-any.whl.metadata (4.8 kB)
Collecting cffi>=2.0.0 (from cryptography>=38.0.3->google-auth>=2.15.0->google-generativeai->-r android_world/requirements.txt (line 5))
  Downloading cffi-2.0.0-cp311-cp311-manylinux2014_x86_64.manylinux_2_17_x86_64.whl.metadata (2.6 kB)
Collecting pycparser (from cffi>=2.0.0->cryptography>=38.0.3->google-auth>=2.15.0->google-generativeai->-r android_world/requirements.txt (line 5))
  Downloading pycparser-3.0-py3-none-any.whl.metadata (8.2 kB)
Collecting parso<0.9.0,>=0.8.6 (from jedi>=0.18.2->IPython->-r android_world/requirements.txt (line 9))
  Downloading parso-0.8.7-py2.py3-none-any.whl.metadata (8.2 kB)
Collecting ptyprocess>=0.5 (from pexpect>4.6->IPython->-r android_world/requirements.txt (line 9))
  Downloading ptyprocess-0.7.0-py2.py3-none-any.whl.metadata (1.3 kB)
Collecting pyasn1<0.7.0,>=0.6.1 (from pyasn1-modules>=0.2.1->google-auth>=2.15.0->google-generativeai->-r android_world/requirements.txt (line 5))
  Downloading pyasn1-0.6.3-py3-none-any.whl.metadata (8.4 kB)
Collecting annotated-types>=0.6.0 (from pydantic>=2.9.0->fastapi)
  Downloading annotated_types-0.7.0-py3-none-any.whl.metadata (15 kB)
Collecting pydantic-core==2.46.4 (from pydantic>=2.9.0->fastapi)
  Downloading pydantic_core-2.46.4-cp311-cp311-manylinux_2_17_x86_64.manylinux2014_x86_64.whl.metadata (6.6 kB)
Collecting six>=1.5 (from python-dateutil>=2.7->matplotlib==3.6.1->-r android_world/requirements.txt (line 11))
  Downloading six-1.17.0-py2.py3-none-any.whl.metadata (1.7 kB)
Collecting executing>=1.2.0 (from stack_data>=0.6.0->IPython->-r android_world/requirements.txt (line 9))
  Downloading executing-2.2.1-py2.py3-none-any.whl.metadata (8.9 kB)
Collecting asttokens>=2.1.0 (from stack_data>=0.6.0->IPython->-r android_world/requirements.txt (line 9))
  Downloading asttokens-3.0.1-py3-none-any.whl.metadata (4.9 kB)
Collecting pure-eval (from stack_data>=0.6.0->IPython->-r android_world/requirements.txt (line 9))
  Downloading pure_eval-0.2.3-py3-none-any.whl.metadata (6.3 kB)
Collecting anyio<5,>=3.6.2 (from starlette>=0.46.0->fastapi)
  Downloading anyio-4.13.0-py3-none-any.whl.metadata (4.5 kB)
Collecting wrapt>=1.11.2 (from dm-tree->dm_env==1.6->-r android_world/requirements.txt (line 3))
  Downloading wrapt-2.2.1-cp311-cp311-manylinux1_x86_64.manylinux_2_28_x86_64.manylinux_2_5_x86_64.whl.metadata (7.4 kB)
Collecting httplib2<1.0.0,>=0.19.0 (from google-api-python-client->google-generativeai->-r android_world/requirements.txt (line 5))
  Downloading httplib2-0.31.2-py3-none-any.whl.metadata (2.2 kB)
Collecting google-auth-httplib2<1.0.0,>=0.2.0 (from google-api-python-client->google-generativeai->-r android_world/requirements.txt (line 5))
  Downloading google_auth_httplib2-0.4.0-py3-none-any.whl.metadata (3.0 kB)
Collecting uritemplate<5,>=3.0.1 (from google-api-python-client->google-generativeai->-r android_world/requirements.txt (line 5))
  Downloading uritemplate-4.2.0-py3-none-any.whl.metadata (2.6 kB)
Downloading absl_py-2.1.0-py3-none-any.whl (133 kB)
Downloading android_env-1.2.3-py3-none-any.whl (266 kB)
Downloading dm_env-1.6-py3-none-any.whl (26 kB)
Downloading fuzzywuzzy-0.18.0-py2.py3-none-any.whl (18 kB)
Downloading grpcio_tools-1.71.0-cp311-cp311-manylinux_2_17_x86_64.manylinux2014_x86_64.whl (2.5 MB)
   ━━━━━━━━━━━━━━━━━━━━━━━━━━━━━━━━━━━━━━━━ 2.5/2.5 MB 28.2 MB/s  0:00:00
Downloading protobuf-5.29.5-cp38-abi3-manylinux2014_x86_64.whl (319 kB)
Downloading immutabledict-2.0.0-py3-none-any.whl (4.0 kB)
Downloading jsonschema-4.17.3-py3-none-any.whl (90 kB)
Downloading matplotlib-3.6.1-cp311-cp311-manylinux_2_17_x86_64.manylinux2014_x86_64.whl (11.8 MB)
   ━━━━━━━━━━━━━━━━━━━━━━━━━━━━━━━━━━━━━━━━ 11.8/11.8 MB 91.5 MB/s  0:00:00
Downloading numpy-1.26.3-cp311-cp311-manylinux_2_17_x86_64.manylinux2014_x86_64.whl (18.3 MB)
   ━━━━━━━━━━━━━━━━━━━━━━━━━━━━━━━━━━━━━━━━ 18.3/18.3 MB 69.2 MB/s  0:00:00
Downloading pandas-2.1.4-cp311-cp311-manylinux_2_17_x86_64.manylinux2014_x86_64.whl (12.2 MB)
   ━━━━━━━━━━━━━━━━━━━━━━━━━━━━━━━━━━━━━━━━ 12.2/12.2 MB 71.5 MB/s  0:00:00
Downloading fastapi-0.136.3-py3-none-any.whl (117 kB)
Downloading uvicorn-0.48.0-py3-none-any.whl (71 kB)
Downloading google_generativeai-0.8.6-py3-none-any.whl (155 kB)
Downloading google_ai_generativelanguage-0.6.15-py3-none-any.whl (1.3 MB)
   ━━━━━━━━━━━━━━━━━━━━━━━━━━━━━━━━━━━━━━━━ 1.3/1.3 MB 92.9 MB/s  0:00:00
Downloading google_api_core-2.30.3-py3-none-any.whl (173 kB)
Downloading requests-2.34.2-py3-none-any.whl (73 kB)
Downloading charset_normalizer-3.4.7-cp311-cp311-manylinux2014_x86_64.manylinux_2_17_x86_64.manylinux_2_28_x86_64.whl (214 kB)
Downloading google_auth-2.53.0-py3-none-any.whl (246 kB)
Downloading googleapis_common_protos-1.75.0-py3-none-any.whl (300 kB)
Downloading grpcio-1.81.0-cp311-cp311-manylinux2014_x86_64.manylinux_2_17_x86_64.whl (6.8 MB)
   ━━━━━━━━━━━━━━━━━━━━━━━━━━━━━━━━━━━━━━━━ 6.8/6.8 MB 158.5 MB/s  0:00:00
Downloading grpcio_status-1.71.2-py3-none-any.whl (14 kB)
Downloading idna-3.18-py3-none-any.whl (65 kB)
Downloading proto_plus-1.28.0-py3-none-any.whl (50 kB)
Downloading typing_extensions-4.15.0-py3-none-any.whl (44 kB)
Downloading urllib3-2.7.0-py3-none-any.whl (131 kB)
Downloading ipython-9.14.0-py3-none-any.whl (627 kB)
   ━━━━━━━━━━━━━━━━━━━━━━━━━━━━━━━━━━━━━━━━ 627.5/627.5 kB 83.2 MB/s  0:00:00
Downloading prompt_toolkit-3.0.52-py3-none-any.whl (391 kB)
Downloading opencv_python-4.11.0.86-cp37-abi3-manylinux_2_17_x86_64.manylinux2014_x86_64.whl (63.0 MB)
   ━━━━━━━━━━━━━━━━━━━━━━━━━━━━━━━━━━━━━━━━ 63.0/63.0 MB 88.3 MB/s  0:00:00
Downloading pydub-0.25.1-py2.py3-none-any.whl (32 kB)
Downloading python_levenshtein-0.27.3-py3-none-any.whl (9.5 kB)
Downloading levenshtein-0.27.3-cp311-cp311-manylinux_2_24_x86_64.manylinux_2_28_x86_64.whl (153 kB)
Downloading rapidfuzz-3.14.5-cp311-cp311-manylinux_2_27_x86_64.manylinux_2_28_x86_64.whl (3.2 MB)
   ━━━━━━━━━━━━━━━━━━━━━━━━━━━━━━━━━━━━━━━━ 3.2/3.2 MB 96.5 MB/s  0:00:00
Downloading pytest-9.0.3-py3-none-any.whl (375 kB)
Downloading pluggy-1.6.0-py3-none-any.whl (20 kB)
Downloading tenacity-9.1.4-py3-none-any.whl (28 kB)
Downloading termcolor-3.3.0-py3-none-any.whl (7.7 kB)
Downloading annotated_doc-0.0.4-py3-none-any.whl (5.3 kB)
Downloading attrs-26.1.0-py3-none-any.whl (67 kB)
Downloading certifi-2026.5.20-py3-none-any.whl (134 kB)
Downloading click-8.4.1-py3-none-any.whl (116 kB)
Downloading contourpy-1.3.3-cp311-cp311-manylinux_2_27_x86_64.manylinux_2_28_x86_64.whl (355 kB)
Downloading cryptography-48.0.0-cp311-abi3-manylinux_2_34_x86_64.whl (4.7 MB)
   ━━━━━━━━━━━━━━━━━━━━━━━━━━━━━━━━━━━━━━━━ 4.7/4.7 MB 155.1 MB/s  0:00:00
Downloading cffi-2.0.0-cp311-cp311-manylinux2014_x86_64.manylinux_2_17_x86_64.whl (215 kB)
Downloading cycler-0.12.1-py3-none-any.whl (8.3 kB)
Downloading decorator-5.3.1-py3-none-any.whl (10 kB)
Downloading fonttools-4.63.0-cp311-cp311-manylinux2014_x86_64.manylinux_2_17_x86_64.whl (5.1 MB)
   ━━━━━━━━━━━━━━━━━━━━━━━━━━━━━━━━━━━━━━━━ 5.1/5.1 MB 158.3 MB/s  0:00:00
Downloading h11-0.16.0-py3-none-any.whl (37 kB)
Downloading iniconfig-2.3.0-py3-none-any.whl (7.5 kB)
Downloading ipython_pygments_lexers-1.1.1-py3-none-any.whl (8.1 kB)
Downloading jedi-0.20.0-py2.py3-none-any.whl (4.9 MB)
   ━━━━━━━━━━━━━━━━━━━━━━━━━━━━━━━━━━━━━━━━ 4.9/4.9 MB 133.9 MB/s  0:00:00
Downloading parso-0.8.7-py2.py3-none-any.whl (107 kB)
Downloading kiwisolver-1.5.0-cp311-cp311-manylinux2014_x86_64.manylinux_2_17_x86_64.whl (1.4 MB)
   ━━━━━━━━━━━━━━━━━━━━━━━━━━━━━━━━━━━━━━━━ 1.4/1.4 MB 96.0 MB/s  0:00:00
Downloading matplotlib_inline-0.2.2-py3-none-any.whl (9.5 kB)
Downloading pexpect-4.9.0-py2.py3-none-any.whl (63 kB)
Downloading pillow-12.2.0-cp311-cp311-manylinux_2_27_x86_64.manylinux_2_28_x86_64.whl (7.1 MB)
   ━━━━━━━━━━━━━━━━━━━━━━━━━━━━━━━━━━━━━━━━ 7.1/7.1 MB 156.2 MB/s  0:00:00
Downloading portpicker-1.6.0-py3-none-any.whl (16 kB)
Downloading psutil-7.2.2-cp36-abi3-manylinux2010_x86_64.manylinux_2_12_x86_64.manylinux_2_28_x86_64.whl (155 kB)
Downloading ptyprocess-0.7.0-py2.py3-none-any.whl (13 kB)
Downloading pyasn1_modules-0.4.2-py3-none-any.whl (181 kB)
Downloading pyasn1-0.6.3-py3-none-any.whl (83 kB)
Downloading pydantic-2.13.4-py3-none-any.whl (472 kB)
Downloading pydantic_core-2.46.4-cp311-cp311-manylinux_2_17_x86_64.manylinux2014_x86_64.whl (2.1 MB)
   ━━━━━━━━━━━━━━━━━━━━━━━━━━━━━━━━━━━━━━━━ 2.1/2.1 MB 141.8 MB/s  0:00:00
Downloading annotated_types-0.7.0-py3-none-any.whl (13 kB)
Downloading pygments-2.20.0-py3-none-any.whl (1.2 MB)
   ━━━━━━━━━━━━━━━━━━━━━━━━━━━━━━━━━━━━━━━━ 1.2/1.2 MB 121.7 MB/s  0:00:00
Downloading pyparsing-3.3.2-py3-none-any.whl (122 kB)
Downloading pyrsistent-0.20.0-cp311-cp311-manylinux_2_17_x86_64.manylinux2014_x86_64.whl (120 kB)
Downloading python_dateutil-2.9.0.post0-py2.py3-none-any.whl (229 kB)
Downloading pytz-2026.2-py2.py3-none-any.whl (510 kB)
Downloading six-1.17.0-py2.py3-none-any.whl (11 kB)
Downloading stack_data-0.6.3-py3-none-any.whl (24 kB)
Downloading asttokens-3.0.1-py3-none-any.whl (27 kB)
Downloading executing-2.2.1-py2.py3-none-any.whl (28 kB)
Downloading starlette-1.2.1-py3-none-any.whl (73 kB)
Downloading anyio-4.13.0-py3-none-any.whl (114 kB)
Downloading traitlets-5.15.1-py3-none-any.whl (85 kB)
Downloading typing_inspection-0.4.2-py3-none-any.whl (14 kB)
Downloading tzdata-2026.2-py2.py3-none-any.whl (349 kB)
Downloading dm_tree-0.1.10-cp311-cp311-manylinux_2_24_x86_64.manylinux_2_28_x86_64.whl (185 kB)
Downloading wrapt-2.2.1-cp311-cp311-manylinux1_x86_64.manylinux_2_28_x86_64.manylinux_2_5_x86_64.whl (159 kB)
Downloading google_api_python_client-2.197.0-py3-none-any.whl (15.3 MB)
   ━━━━━━━━━━━━━━━━━━━━━━━━━━━━━━━━━━━━━━━━ 15.3/15.3 MB 148.8 MB/s  0:00:00
Downloading google_auth_httplib2-0.4.0-py3-none-any.whl (9.5 kB)
Downloading httplib2-0.31.2-py3-none-any.whl (91 kB)
Downloading uritemplate-4.2.0-py3-none-any.whl (11 kB)
Downloading pure_eval-0.2.3-py3-none-any.whl (11 kB)
Downloading pycparser-3.0-py3-none-any.whl (48 kB)
Downloading pygame-2.6.1-cp311-cp311-manylinux_2_17_x86_64.manylinux2014_x86_64.whl (14.0 MB)
   ━━━━━━━━━━━━━━━━━━━━━━━━━━━━━━━━━━━━━━━━ 14.0/14.0 MB 92.3 MB/s  0:00:00
Downloading tqdm-4.67.3-py3-none-any.whl (78 kB)
Downloading wcwidth-0.7.0-py3-none-any.whl (110 kB)
Installing collected packages: pytz, pydub, pure-eval, ptyprocess, fuzzywuzzy, wrapt, wcwidth, urllib3, uritemplate, tzdata, typing-extensions, traitlets, tqdm, termcolor, tenacity, six, rapidfuzz, pyrsistent, pyparsing, pygments, pygame, pycparser, pyasn1, psutil, protobuf, pluggy, pillow, pexpect, parso, numpy, kiwisolver, iniconfig, immutabledict, idna, h11, fonttools, executing, decorator, cycler, click, charset_normalizer, certifi, attrs, asttokens, annotated-types, annotated-doc, absl-py, uvicorn, typing-inspection, stack_data, requests, python-dateutil, pytest, pydantic-core, pyasn1-modules, proto-plus, prompt_toolkit, portpicker, opencv-python, matplotlib-inline, Levenshtein, jsonschema, jedi, ipython-pygments-lexers, httplib2, grpcio, googleapis-common-protos, dm-tree, contourpy, cffi, anyio, starlette, python-Levenshtein, pydantic, pandas, matplotlib, IPython, grpcio-tools, grpcio-status, dm_env, cryptography, google-auth, fastapi, android_env, google-auth-httplib2, google-api-core, google-api-python-client, google-ai-generativelanguage, google-generativeai

Successfully installed IPython-9.14.0 Levenshtein-0.27.3 absl-py-2.1.0 android_env-1.2.3 annotated-doc-0.0.4 annotated-types-0.7.0 anyio-4.13.0 asttokens-3.0.1 attrs-26.1.0 certifi-2026.5.20 cffi-2.0.0 charset_normalizer-3.4.7 click-8.4.1 contourpy-1.3.3 cryptography-48.0.0 cycler-0.12.1 decorator-5.3.1 dm-tree-0.1.10 dm_env-1.6 executing-2.2.1 fastapi-0.136.3 fonttools-4.63.0 fuzzywuzzy-0.18.0 google-ai-generativelanguage-0.6.15 google-api-core-2.30.3 google-api-python-client-2.197.0 google-auth-2.53.0 google-auth-httplib2-0.4.0 google-generativeai-0.8.6 googleapis-common-protos-1.75.0 grpcio-1.81.0 grpcio-status-1.71.2 grpcio-tools-1.71.0 h11-0.16.0 httplib2-0.31.2 idna-3.18 immutabledict-2.0.0 iniconfig-2.3.0 ipython-pygments-lexers-1.1.1 jedi-0.20.0 jsonschema-4.17.3 kiwisolver-1.5.0 matplotlib-3.6.1 matplotlib-inline-0.2.2 numpy-1.26.3 opencv-python-4.11.0.86 pandas-2.1.4 parso-0.8.7 pexpect-4.9.0 pillow-12.2.0 pluggy-1.6.0 portpicker-1.6.0 prompt_toolkit-3.0.52 proto-plus-1.28.0 protobuf-5.29.5 psutil-7.2.2 ptyprocess-0.7.0 pure-eval-0.2.3 pyasn1-0.6.3 pyasn1-modules-0.4.2 pycparser-3.0 pydantic-2.13.4 pydantic-core-2.46.4 pydub-0.25.1 pygame-2.6.1 pygments-2.20.0 pyparsing-3.3.2 pyrsistent-0.20.0 pytest-9.0.3 python-Levenshtein-0.27.3 python-dateutil-2.9.0.post0 pytz-2026.2 rapidfuzz-3.14.5 requests-2.34.2 six-1.17.0 stack_data-0.6.3 starlette-1.2.1 tenacity-9.1.4 termcolor-3.3.0 tqdm-4.67.3 traitlets-5.15.1 typing-extensions-4.15.0 typing-inspection-0.4.2 tzdata-2026.2 uritemplate-4.2.0 urllib3-2.7.0 uvicorn-0.48.0 wcwidth-0.7.0 wrapt-2.2.1
