W0603 22:46:02.947845 139895517298688 android_world_controller.py:98] Could not get a11y tree, retrying.
Starting AndroidWorld eval with guiowl_dvlm -> /data2/androidworld_eval/runs/mobileagent_norm_record2_20260603_224545/current_smoke_norm_core_shard2/run_20260603T224602678185
Running task: SystemWifiTurnOn
==============================
Running task SystemWifiTurnOn with goal "Turn wifi on."
Completed step 1.
Completed step 2.
Completed step 3.
Completed step 4.
Completed step 5.
Completed step 6.
Completed step 7.
Completed step 8.
Completed step 9.
Completed step 10.
Agent did not indicate task is done. Reached max number of steps.
Task Failed ❌;  Turn wifi on.


                             task_num  num_complete_trials  mean_success_rate  mean_episode_length  total_runtime_s  num_fail_trials
task                                                                                                                                
SystemWifiTurnOn                    0                  1.0                0.0                 10.0             76.0              0.0
========= Average =========         0                  1.0                0.0                 10.0             76.0              0.0


               mean_success_rate
difficulty                  easy
tags                            
screen_reading               0.0

Finished AndroidWorld eval. Wrote to /data2/androidworld_eval/runs/mobileagent_norm_record2_20260603_224545/current_smoke_norm_core_shard2/run_20260603T224602678185
